Archive member included to satisfy reference by file (symbol)

C:/msys64/opt/wonderful/thirdparty/blocksds/core/libs/libnds/lib\libnds9.a(IntrWait.s.o)
                              build/gl2d_spriteset/source/main.c.o (swiWaitForVBlank)
C:/msys64/opt/wonderful/thirdparty/blocksds/core/libs/libnds/lib\libnds9.a(mpu_setup.s.o)
                              C:/msys64/opt/wonderful/thirdparty/blocksds/core/sys/crts/ds_arm9_crt0.o (__libnds_mpu_setup)
C:/msys64/opt/wonderful/thirdparty/blocksds/core/libs/libnds/lib\libnds9.a(dma.s.o)
                              build/gl2d_spriteset/source/main.c.o (dmaSetParams)
C:/msys64/opt/wonderful/thirdparty/blocksds/core/libs/libnds/lib\libnds9.a(memcpy.s.o)
                              build/gl2d_spriteset/source/main.c.o (memcpy)
C:/msys64/opt/wonderful/thirdparty/blocksds/core/libs/libnds/lib\libnds9.a(console.c.o)
                              build/gl2d_spriteset/source/main.c.o (consoleDemoInit)
C:/msys64/opt/wonderful/thirdparty/blocksds/core/libs/libnds/lib\libnds9.a(crt0_argv.c.o)
                              C:/msys64/opt/wonderful/thirdparty/blocksds/core/sys/crts/ds_arm9_crt0.o (build_argv)
C:/msys64/opt/wonderful/thirdparty/blocksds/core/libs/libnds/lib\libnds9.a(iob.c.o)
                              C:/msys64/opt/wonderful/thirdparty/blocksds/core/libs/libnds/lib\libnds9.a(console.c.o) (stderr)
C:/msys64/opt/wonderful/thirdparty/blocksds/core/libs/libnds/lib\libnds9.a(sassert.c.o)
                              build/gl2d_spriteset/source/main.c.o (__sassert)
C:/msys64/opt/wonderful/thirdparty/blocksds/core/libs/libnds/lib\libnds9.a(initSystem.c.o)
                              C:/msys64/opt/wonderful/thirdparty/blocksds/core/sys/crts/ds_arm9_crt0.o (initSystem)
C:/msys64/opt/wonderful/thirdparty/blocksds/core/libs/libnds/lib\libnds9.a(keys.c.o)
                              build/gl2d_spriteset/source/main.c.o (scanKeys)
C:/msys64/opt/wonderful/thirdparty/blocksds/core/libs/libnds/lib\libnds9.a(securearea.c.o)
                              C:/msys64/opt/wonderful/thirdparty/blocksds/core/sys/crts/ds_arm9_crt0.o (__secure_area__)
C:/msys64/opt/wonderful/thirdparty/blocksds/core/libs/libnds/lib\libnds9.a(system.c.o)
                              C:/msys64/opt/wonderful/thirdparty/blocksds/core/libs/libnds/lib\libnds9.a(initSystem.c.o) (systemValueHandler)
C:/msys64/opt/wonderful/thirdparty/blocksds/core/libs/libnds/lib\libnds9.a(background.c.o)
                              build/gl2d_spriteset/source/main.c.o (bgIsText)
C:/msys64/opt/wonderful/thirdparty/blocksds/core/libs/libnds/lib\libnds9.a(gl2d.c.o)
                              build/gl2d_spriteset/source/main.c.o (glScreen2D)
C:/msys64/opt/wonderful/thirdparty/blocksds/core/libs/libnds/lib\libnds9.a(video.c.o)
                              C:/msys64/opt/wonderful/thirdparty/blocksds/core/libs/libnds/lib\libnds9.a(console.c.o) (setBrightness)
C:/msys64/opt/wonderful/thirdparty/blocksds/core/libs/libnds/lib\libnds9.a(videoGL.c.o)
                              build/gl2d_spriteset/source/main.c.o (glGlobalData)
C:/msys64/opt/wonderful/thirdparty/blocksds/core/libs/libnds/lib\libnds9.a(threads.c.o)
                              C:/msys64/opt/wonderful/thirdparty/blocksds/core/libs/libnds/lib\libnds9.a(iob.c.o) (cothread_yield_irq)
C:/msys64/opt/wonderful/thirdparty/blocksds/core/libs/libnds/lib\libnds9.a(debugprint.c.o)
                              C:/msys64/opt/wonderful/thirdparty/blocksds/core/libs/libnds/lib\libnds9.a(console.c.o) (nocash_putc_buffered)
C:/msys64/opt/wonderful/thirdparty/blocksds/core/libs/libnds/lib\libnds9.a(fifosystem.c.o)
                              C:/msys64/opt/wonderful/thirdparty/blocksds/core/libs/libnds/lib\libnds9.a(initSystem.c.o) (fifoSetValue32Handler)
C:/msys64/opt/wonderful/thirdparty/blocksds/core/libs/libnds/lib\libnds9.a(interrupts.c.o)
                              C:/msys64/opt/wonderful/thirdparty/blocksds/core/libs/libnds/lib\libnds9.a(fifosystem.c.o) (irqSet)
C:/msys64/opt/wonderful/thirdparty/blocksds/core/libs/libnds/lib\libnds9.a(exit.c.o)
                              C:/msys64/opt/wonderful/thirdparty/blocksds/core/sys/crts/ds_arm9_crt0.o (__libnds_exit)
C:/msys64/opt/wonderful/thirdparty/blocksds/core/libs/libnds/lib\libnds9.a(locks.c.o)
                              C:/msys64/opt/wonderful/thirdparty/blocksds/core/libs/libnds/lib\libnds9.a(threads.c.o) (__retarget_lock_acquire)
C:/msys64/opt/wonderful/thirdparty/blocksds/core/libs/libnds/lib\libnds9.a(sbrk.c.o)
                              C:/msys64/opt/wonderful/thirdparty/blocksds/core/sys/crts/ds_arm9_crt0.o (fake_heap_start)
C:/msys64/opt/wonderful/thirdparty/blocksds/core/libs/libnds/lib\libnds9.a(coroutine.c.o)
                              C:/msys64/opt/wonderful/thirdparty/blocksds/core/libs/libnds/lib\libnds9.a(threads.c.o) (__ndsabi_coro_make_noctx)
C:/msys64/opt/wonderful/thirdparty/blocksds/core/libs/libnds/lib\libnds9.a(default_font.png.o)
[...]
Memory Configuration

Name             Origin             Length             Attributes
ewram            0x02000000         0x00380000
dtcm             0x02ff0000         0x00004000
vectors          0x01000000         0x00000100
itcm             0x01000100         0x00007f00
*default*        0x00000000         0xffffffff

Linker script and memory map

                0x02380000                        __ewram_end = (ORIGIN (ewram) + LENGTH (ewram))
                0x02380000                        __eheap_end = (ORIGIN (ewram) + LENGTH (ewram))
                0x02ff4000                        __dtcm_top = (ORIGIN (dtcm) + LENGTH (dtcm))
                0x02ff3ff8                        __irq_flags = (__dtcm_top - 0x8)
                0x02ff3ffc                        __irq_vector = (__dtcm_top - 0x4)
                0x02ff3f00                        __sp_svc = (__dtcm_top - 0x100)
                0x02ff3e00                        __sp_irq = (__sp_svc - 0x100)
                0x02ff3d00                        __sp_usr = (__sp_irq - 0x100)

.secure         0x02000000      0x800
 *(.secure)
 .secure        0x02000000      0x800 C:/msys64/opt/wonderful/thirdparty/blocksds/core/libs/libnds/lib\libnds9.a(securearea.c.o)
                0x02000000                __secure_area__

.crt0           0x02000800      0x314
                0x02000800                        __text_start = .
 *(.crt0)
 .crt0          0x02000800      0x314 C:/msys64/opt/wonderful/thirdparty/blocksds/core/sys/crts/ds_arm9_crt0.o
                0x02000800                _start
                0x02000b14                        . = ALIGN (0x4)
                0x00004000                        PROVIDE (__dldi_size = 0x4000)
                0x0000000e                        __dldi_log2_size = (LOG2CEIL ((__dldi_size + 0x1)) - 0x1)

.dldi           0x02000b14        0x0
                0x02000b14                        __dldi_start = .
 *(.dldi)
                0x02000b14                        . = ALIGN (0x4)
                0x02000b14                        __dldi_data_end = .
                0x02000b14                        __dldi_end = (__dldi_data_end > __dldi_start)?(__dldi_start + __dldi_size):__dldi_start
                0x02000b14                        . = __dldi_end
                0x02000b14                        . = ALIGN (0x4)

.plt
 *(.plt)

.init           0x02000b14        0x8
 *(SORT_NONE(.init))
 .init          0x02000b14        0x8 C:/msys64/opt/wonderful/toolchain/gcc-arm-none-eabi/lib/gcc/arm-none-eabi/14.1.0/thumb/arm946e-s/crtn.o

.text           0x02000b20     0x8f78
 *(EXCLUDE_FILE(*.twl* *.vectors* *.itcm*) .text)
 .text          0x02000b20       0x14 C:/msys64/opt/wonderful/toolchain/gcc-arm-none-eabi/lib/gcc/arm-none-eabi/14.1.0/thumb/arm946e-s\libgcc.a(_thumb1_case_uqi.o)
                0x02000b20                __gnu_thumb1_case_uqi
 .text          0x02000b34       0x14 C:/msys64/opt/wonderful/toolchain/gcc-arm-none-eabi/lib/gcc/arm-none-eabi/14.1.0/thumb/arm946e-s\libgcc.a(_thumb1_case_uhi.o)
                0x02000b34                __gnu_thumb1_case_uhi
 .text          0x02000b48      0x214 C:/msys64/opt/wonderful/toolchain/gcc-arm-none-eabi/lib/gcc/arm-none-eabi/14.1.0/thumb/arm946e-s\libgcc.a(_udivsi3.o)
                0x02000b48                __aeabi_uidiv
                0x02000b48                __udivsi3
                0x02000d3c                __aeabi_uidivmod
 .text          0x02000d5c      0x248 C:/msys64/opt/wonderful/toolchain/gcc-arm-none-eabi/lib/gcc/arm-none-eabi/14.1.0/thumb/arm946e-s\libgcc.a(_divsi3.o)
                0x02000d5c                __divsi3
                0x02000d5c                __aeabi_idiv
                0x02000f84                __aeabi_idivmod
 .text          0x02000fa4        0x4 C:/msys64/opt/wonderful/toolchain/gcc-arm-none-eabi/lib/gcc/arm-none-eabi/14.1.0/thumb/arm946e-s\libgcc.a(_dvmd_tls.o)
                0x02000fa4                __aeabi_idiv0
                0x02000fa4                __aeabi_ldiv0
 .text          0x02000fa8       0x18 C:/msys64/opt/wonderful/toolchain/gcc-arm-none-eabi/lib/gcc/arm-none-eabi/14.1.0/thumb/arm946e-s\libgcc.a(_lshrdi3.o)
                0x02000fa8                __lshrdi3
                0x02000fa8                __aeabi_llsr
 .text          0x02000fc0       0x1c C:/msys64/opt/wonderful/toolchain/gcc-arm-none-eabi/lib/gcc/arm-none-eabi/14.1.0/thumb/arm946e-s\libgcc.a(_ashrdi3.o)
                0x02000fc0                __aeabi_lasr
                0x02000fc0                __ashrdi3
 .text          0x02000fdc       0x18 C:/msys64/opt/wonderful/toolchain/gcc-arm-none-eabi/lib/gcc/arm-none-eabi/14.1.0/thumb/arm946e-s\libgcc.a(_ashldi3.o)
                0x02000fdc                __aeabi_llsl
                0x02000fdc                __ashldi3
 .text          0x02000ff4      0x3c0 C:/msys64/opt/wonderful/toolchain/gcc-arm-none-eabi/lib/gcc/arm-none-eabi/14.1.0/thumb/arm946e-s\libgcc.a(_arm_addsubdf3.o)
                0x02000ff4                __aeabi_drsub
                0x02000ffc                __aeabi_dsub
                0x02000ffc                __subdf3
                0x02001000                __aeabi_dadd
                0x02001000                __adddf3
                0x020012ac                __floatunsidf
                0x020012ac                __aeabi_ui2d
                0x020012d0                __floatsidf
                0x020012d0                __aeabi_i2d
                0x020012f8                __aeabi_f2d
                0x020012f8                __extendsfdf2
                0x02001340                __floatundidf
                0x02001340                __aeabi_ul2d
                0x02001354                __floatdidf
                0x02001354                __aeabi_l2d
 .text          0x020013b4       0xa0 C:/msys64/opt/wonderful/toolchain/gcc-arm-none-eabi/lib/gcc/arm-none-eabi/14.1.0/thumb/arm946e-s\libgcc.a(_arm_truncdfsf2.o)
                0x020013b4                __truncdfsf2
                0x020013b4                __aeabi_d2f
 .text          0x02001454      0x250 C:/msys64/opt/wonderful/toolchain/gcc-arm-none-eabi/lib/gcc/arm-none-eabi/14.1.0/thumb/arm946e-s\libgcc.a(_arm_addsubsf3.o)
                0x02001454                __aeabi_frsub
                0x0200145c                __subsf3
                0x0200145c                __aeabi_fsub
                0x02001460                __aeabi_fadd
                0x02001460                __addsf3
                0x020015f0                __aeabi_ui2f
                0x020015f0                __floatunsisf
                0x020015f8                __aeabi_i2f
                0x020015f8                __floatsisf
                0x02001618                __aeabi_ul2f
                0x02001618                __floatundisf
                0x02001628                __aeabi_l2f
                0x02001628                __floatdisf
 .text          0x020016a4      0x2f8 C:/msys64/opt/wonderful/toolchain/gcc-arm-none-eabi/lib/gcc/arm-none-eabi/14.1.0/thumb/arm946e-s\libgcc.a(_arm_muldivsf3.o)
                0x020016a4                __mulsf3
                0x020016a4                __aeabi_fmul
                0x0200183c                __aeabi_fdiv
                0x0200183c                __divsf3
 .text          0x0200199c       0xfc C:/msys64/opt/wonderful/toolchain/gcc-arm-none-eabi/lib/gcc/arm-none-eabi/14.1.0/thumb/arm946e-s\libgcc.a(_arm_cmpsf2.o)
                0x0200199c                __gesf2
                0x0200199c                __gtsf2
                0x020019a4                __lesf2
                0x020019a4                __ltsf2
                0x020019ac                __nesf2
                0x020019ac                __eqsf2
                0x020019ac                __cmpsf2
                0x02001a10                __aeabi_cfrcmple
                0x02001a20                __aeabi_cfcmpeq
                0x02001a20                __aeabi_cfcmple
                0x02001a34                __aeabi_fcmpeq
                0x02001a48                __aeabi_fcmplt
                0x02001a5c                __aeabi_fcmple
                0x02001a70                __aeabi_fcmpge
                0x02001a84                __aeabi_fcmpgt
 .text          0x02001a98       0x5c C:/msys64/opt/wonderful/toolchain/gcc-arm-none-eabi/lib/gcc/arm-none-eabi/14.1.0/thumb/arm946e-s\libgcc.a(_arm_fixsfsi.o)
                0x02001a98                __aeabi_f2iz
                0x02001a98                __fixsfsi
 .text          0x02001af4        0x8 C:/msys64/opt/wonderful/toolchain/gcc-arm-none-eabi/lib/gcc/arm-none-eabi/14.1.0/thumb/arm946e-s\libgcc.a(_clzsi2.o)
                0x02001af4                __clzsi2
 .text          0x02001afc       0x14 C:/msys64/opt/wonderful/toolchain/gcc-arm-none-eabi/lib/gcc/arm-none-eabi/14.1.0/thumb/arm946e-s\libgcc.a(_clzdi2.o)
                0x02001afc                __clzdi2
 .text          0x02001b10       0x3c C:/msys64/opt/wonderful/toolchain/gcc-arm-none-eabi/lib/gcc/arm-none-eabi/14.1.0/thumb/arm946e-s\libgcc.a(_aeabi_uldivmod.o)
                0x02001b10                __aeabi_uldivmod
 .text          0x02001b4c       0x60 C:/msys64/opt/wonderful/toolchain/gcc-arm-none-eabi/lib/gcc/arm-none-eabi/14.1.0/thumb/arm946e-s\libgcc.a(_muldi3.o)
                0x02001b4c                __muldi3
                0x02001b4c                __aeabi_lmul
 .text          0x02001bac      0x198 C:/msys64/opt/wonderful/toolchain/gcc-arm-none-eabi/lib/gcc/arm-none-eabi/14.1.0/thumb/arm946e-s\libgcc.a(_udivmoddi4.o)
                0x02001bac                __udivmoddi4
 *(EXCLUDE_FILE(*.twl* *.vectors* *.itcm*) .stub)
 *(EXCLUDE_FILE(*.twl* *.vectors* *.itcm*) .text.*)
 .text.bgGetMapPtr
                0x02001d44       0x34 build/gl2d_spriteset/source/main.c.o
 .text.dmaCopy  0x02001d78       0x24 build/gl2d_spriteset/source/main.c.o
 .text.bgGetGfxPtr
                0x02001d9c       0x6c build/gl2d_spriteset/source/main.c.o
 .text.walk     0x02001e08       0x70 build/gl2d_spriteset/source/main.c.o
                0x02001e08                walk
 .text.startup.main
                0x02001e78      0x59c build/gl2d_spriteset/source/main.c.o
                0x02001e78                main
 .text.swiWaitForVBlank
                0x02002414        0x8 C:/msys64/opt/wonderful/thirdparty/blocksds/core/libs/libnds/lib\libnds9.a(IntrWait.s.o)
                0x02002414                swiWaitForVBlank
 .text.swiIntrWait
                0x0200241c       0x70 C:/msys64/opt/wonderful/thirdparty/blocksds/core/libs/libnds/lib\libnds9.a(IntrWait.s.o)
                0x0200241c                swiIntrWait
 .text.__libnds_mpu_setup
                0x0200248c      0x1c4 C:/msys64/opt/wonderful/thirdparty/blocksds/core/libs/libnds/lib\libnds9.a(mpu_setup.s.o)
                0x0200248c                __libnds_mpu_setup
 .text.memUncached
                0x02002650       0x20 C:/msys64/opt/wonderful/thirdparty/blocksds/core/libs/libnds/lib\libnds9.a(mpu_setup.s.o)
                0x02002650                memUncached
 .text.dmaSetParams
                0x02002670       0x1c C:/msys64/opt/wonderful/thirdparty/blocksds/core/libs/libnds/lib\libnds9.a(dma.s.o)
                0x02002670                dmaSetParams
 .text.__aeabi_memcpy
                0x0200268c       0xdc C:/msys64/opt/wonderful/thirdparty/blocksds/core/libs/libnds/lib\libnds9.a(memcpy.s.o)
                0x0200268c                __aeabi_memcpy
                0x020026c4                __aeabi_memcpy4
                0x020026c4                __aeabi_memcpy8
                0x02002730                __ndsabi_memcpy2
                0x02002754                __ndsabi_memcpy1
 .text.memcpy   0x02002768       0x10 C:/msys64/opt/wonderful/thirdparty/blocksds/core/libs/libnds/lib\libnds9.a(memcpy.s.o)
                0x02002768                memcpy
 .text.newRow   0x02002778       0xdc C:/msys64/opt/wonderful/thirdparty/blocksds/core/libs/libnds/lib\libnds9.a(console.c.o)
 .text.consolePrintChar
                0x02002854       0xe0 C:/msys64/opt/wonderful/thirdparty/blocksds/core/libs/libnds/lib\libnds9.a(console.c.o)
                0x02002854                consolePrintChar
 .text.con_write
                0x02002934      0x348 C:/msys64/opt/wonderful/thirdparty/blocksds/core/libs/libnds/lib\libnds9.a(console.c.o)
 .text.consoleLoadFont
                0x02002c7c      0x36c C:/msys64/opt/wonderful/thirdparty/blocksds/core/libs/libnds/lib\libnds9.a(console.c.o)
                0x02002c7c                consoleLoadFont
 .text.consoleInit
                0x02002fe8      0x194 C:/msys64/opt/wonderful/thirdparty/blocksds/core/libs/libnds/lib\libnds9.a(console.c.o)
                0x02002fe8                consoleInit
 .text.consoleDemoInit
                0x0200317c       0x48 C:/msys64/opt/wonderful/thirdparty/blocksds/core/libs/libnds/lib\libnds9.a(console.c.o)
                0x0200317c                consoleDemoInit
 .text.build_argv
                0x020031c4       0x58 C:/msys64/opt/wonderful/thirdparty/blocksds/core/libs/libnds/lib\libnds9.a(crt0_argv.c.o)
                0x020031c4                build_argv
 .text.putc_buffered
                0x0200321c       0x98 C:/msys64/opt/wonderful/thirdparty/blocksds/core/libs/libnds/lib\libnds9.a(iob.c.o)
 .text.stderr_putc_buffered
                0x020032b4       0x20 C:/msys64/opt/wonderful/thirdparty/blocksds/core/libs/libnds/lib\libnds9.a(iob.c.o)
 .text.stdout_putc_buffered
                0x020032d4       0x40 C:/msys64/opt/wonderful/thirdparty/blocksds/core/libs/libnds/lib\libnds9.a(iob.c.o)
 .text.__sassert
                0x02003314       0x64 C:/msys64/opt/wonderful/thirdparty/blocksds/core/libs/libnds/lib\libnds9.a(sassert.c.o)
                0x02003314                __sassert
 .text.initSystem
                0x02003378      0x1a4 C:/msys64/opt/wonderful/thirdparty/blocksds/core/libs/libnds/lib\libnds9.a(initSystem.c.o)
                0x02003378                initSystem
 .text.scanKeys
                0x0200351c       0xc0 C:/msys64/opt/wonderful/thirdparty/blocksds/core/libs/libnds/lib\libnds9.a(keys.c.o)
                0x0200351c                scanKeys
 .text.keysHeld
                0x020035dc        0xc C:/msys64/opt/wonderful/thirdparty/blocksds/core/libs/libnds/lib\libnds9.a(keys.c.o)
                0x020035dc                keysHeld
 .text.keysDown
                0x020035e8       0x14 C:/msys64/opt/wonderful/thirdparty/blocksds/core/libs/libnds/lib\libnds9.a(keys.c.o)
                0x020035e8                keysDown
 .text.keysUp   0x020035fc       0x18 C:/msys64/opt/wonderful/thirdparty/blocksds/core/libs/libnds/lib\libnds9.a(keys.c.o)
                0x020035fc                keysUp
 .text.setTransferInputData
                0x02003614       0x20 C:/msys64/opt/wonderful/thirdparty/blocksds/core/libs/libnds/lib\libnds9.a(keys.c.o)
                0x02003614                setTransferInputData
 .text.systemValueHandler
                0x02003634       0x44 C:/msys64/opt/wonderful/thirdparty/blocksds/core/libs/libnds/lib\libnds9.a(system.c.o)
                0x02003634                systemValueHandler
 .text.systemMsgHandler
                0x02003678       0x2c C:/msys64/opt/wonderful/thirdparty/blocksds/core/libs/libnds/lib\libnds9.a(system.c.o)
                0x02003678                systemMsgHandler
 .text.powerOn  0x020036a4       0x2c C:/msys64/opt/wonderful/thirdparty/blocksds/core/libs/libnds/lib\libnds9.a(system.c.o)
                0x020036a4                powerOn
 .text.bgIsText
                0x020036d0        0xc C:/msys64/opt/wonderful/thirdparty/blocksds/core/libs/libnds/lib\libnds9.a(background.c.o)
                0x020036d0                bgIsText
 .text.checkIfText
                0x020036dc       0x6c C:/msys64/opt/wonderful/thirdparty/blocksds/core/libs/libnds/lib\libnds9.a(background.c.o)
                0x020036dc                checkIfText
 .text.bgUpdate
                0x02003748       0xf4 C:/msys64/opt/wonderful/thirdparty/blocksds/core/libs/libnds/lib\libnds9.a(background.c.o)
                0x02003748                bgUpdate
 .text.bgInit_call
                0x0200383c       0xb0 C:/msys64/opt/wonderful/thirdparty/blocksds/core/libs/libnds/lib\libnds9.a(background.c.o)
                0x0200383c                bgInit_call
 .text.bgInitSub_call
                0x020038ec       0xb8 C:/msys64/opt/wonderful/thirdparty/blocksds/core/libs/libnds/lib\libnds9.a(background.c.o)
                0x020038ec                bgInitSub_call
 .text.glScreen2D
                0x020039a4      0x100 C:/msys64/opt/wonderful/thirdparty/blocksds/core/libs/libnds/lib\libnds9.a(gl2d.c.o)
                0x020039a4                glScreen2D
 .text.glBegin2D
                0x02003aa4       0xa4 C:/msys64/opt/wonderful/thirdparty/blocksds/core/libs/libnds/lib\libnds9.a(gl2d.c.o)
                0x02003aa4                glBegin2D
 .text.glEnd2D  0x02003b48       0x1c C:/msys64/opt/wonderful/thirdparty/blocksds/core/libs/libnds/lib\libnds9.a(gl2d.c.o)
                0x02003b48                glEnd2D
 .text.glSprite
                0x02003b64      0x108 C:/msys64/opt/wonderful/thirdparty/blocksds/core/libs/libnds/lib\libnds9.a(gl2d.c.o)
                0x02003b64                glSprite
 .text.glLoadSpriteSet
                0x02003c6c       0xb8 C:/msys64/opt/wonderful/thirdparty/blocksds/core/libs/libnds/lib\libnds9.a(gl2d.c.o)
                0x02003c6c                glLoadSpriteSet
 .text.setBrightness
                0x02003d24       0x40 C:/msys64/opt/wonderful/thirdparty/blocksds/core/libs/libnds/lib\libnds9.a(video.c.o)
                0x02003d24                setBrightness
 .text.vramDefault
                0x02003d64       0xd0 C:/msys64/opt/wonderful/thirdparty/blocksds/core/libs/libnds/lib\libnds9.a(video.c.o)
                0x02003d64                vramDefault
 .text.vramBlock__deallocateBlock.part.0
                0x02003e34      0x1b0 C:/msys64/opt/wonderful/thirdparty/blocksds/core/libs/libnds/lib\libnds9.a(videoGL.c.o)
 .text.glOrthof32
                0x02003fe4      0x1f8 C:/msys64/opt/wonderful/thirdparty/blocksds/core/libs/libnds/lib\libnds9.a(videoGL.c.o)
                0x02003fe4                glOrthof32
 .text.gluLookAtf32
                0x020041dc      0x3dc C:/msys64/opt/wonderful/thirdparty/blocksds/core/libs/libnds/lib\libnds9.a(videoGL.c.o)
                0x020041dc                gluLookAtf32
 .text.glFrustumf32
                0x020045b8      0x208 C:/msys64/opt/wonderful/thirdparty/blocksds/core/libs/libnds/lib\libnds9.a(videoGL.c.o)
                0x020045b8                glFrustumf32
 .text.gluPerspectivef32
                0x020047c0       0x5c C:/msys64/opt/wonderful/thirdparty/blocksds/core/libs/libnds/lib\libnds9.a(videoGL.c.o)
                0x020047c0                gluPerspectivef32
 .text.glResetMatrixStack
                0x0200481c       0x68 C:/msys64/opt/wonderful/thirdparty/blocksds/core/libs/libnds/lib\libnds9.a(videoGL.c.o)
                0x0200481c                glResetMatrixStack
 .text.glMaterialf
                0x02004884       0x7c C:/msys64/opt/wonderful/thirdparty/blocksds/core/libs/libnds/lib\libnds9.a(videoGL.c.o)
                0x02004884                glMaterialf
 .text.vramBlock_init
                0x02004900       0x5c C:/msys64/opt/wonderful/thirdparty/blocksds/core/libs/libnds/lib\libnds9.a(videoGL.c.o)
                0x02004900                vramBlock_init
 .text.vramBlock__allocateBlock
                0x0200495c      0x17c C:/msys64/opt/wonderful/thirdparty/blocksds/core/libs/libnds/lib\libnds9.a(videoGL.c.o)
                0x0200495c                vramBlock__allocateBlock
 .text.vramBlock_examineSpecial
                0x02004ad8      0x26c C:/msys64/opt/wonderful/thirdparty/blocksds/core/libs/libnds/lib\libnds9.a(videoGL.c.o)
                0x02004ad8                vramBlock_examineSpecial
 .text.vramBlock_allocateSpecial
                0x02004d44       0x6c C:/msys64/opt/wonderful/thirdparty/blocksds/core/libs/libnds/lib\libnds9.a(videoGL.c.o)
                0x02004d44                vramBlock_allocateSpecial
 .text.vramBlock_allocateBlock
                0x02004db0       0x30 C:/msys64/opt/wonderful/thirdparty/blocksds/core/libs/libnds/lib\libnds9.a(videoGL.c.o)
                0x02004db0                vramBlock_allocateBlock
 .text.vramBlock_deallocateBlock
                0x02004de0       0x44 C:/msys64/opt/wonderful/thirdparty/blocksds/core/libs/libnds/lib\libnds9.a(videoGL.c.o)
                0x02004de0                vramBlock_deallocateBlock
 .text.removePaletteFromTexture.part.0
                0x02004e24       0x68 C:/msys64/opt/wonderful/thirdparty/blocksds/core/libs/libnds/lib\libnds9.a(videoGL.c.o)
 .text.glInit_C
                0x02004e8c      0x1b8 C:/msys64/opt/wonderful/thirdparty/blocksds/core/libs/libnds/lib\libnds9.a(videoGL.c.o)
                0x02004e8c                glInit_C
 .text.glGenTextures
                0x02005044       0x80 C:/msys64/opt/wonderful/thirdparty/blocksds/core/libs/libnds/lib\libnds9.a(videoGL.c.o)
                0x02005044                glGenTextures
 .text.vramGetBank
                0x020050c4       0xb8 C:/msys64/opt/wonderful/thirdparty/blocksds/core/libs/libnds/lib\libnds9.a(videoGL.c.o)
                0x020050c4                vramGetBank
 .text.glBindTexture
                0x0200517c       0x60 C:/msys64/opt/wonderful/thirdparty/blocksds/core/libs/libnds/lib\libnds9.a(videoGL.c.o)
                0x0200517c                glBindTexture
 .text.glColorTableEXT
                0x020051dc      0x1e8 C:/msys64/opt/wonderful/thirdparty/blocksds/core/libs/libnds/lib\libnds9.a(videoGL.c.o)
                0x020051dc                glColorTableEXT
 .text.glTexImage2D
                0x020053c4      0x56c C:/msys64/opt/wonderful/thirdparty/blocksds/core/libs/libnds/lib\libnds9.a(videoGL.c.o)
                0x020053c4                glTexImage2D
 .text.cothread_delete_internal
                0x02005930       0x3c C:/msys64/opt/wonderful/thirdparty/blocksds/core/libs/libnds/lib\libnds9.a(threads.c.o)
 .text.cothread_main
                0x0200596c       0x10 C:/msys64/opt/wonderful/thirdparty/blocksds/core/libs/libnds/lib\libnds9.a(threads.c.o)
                0x0200596c                cothread_main
 .text.cothread_yield
                0x0200597c       0x14 C:/msys64/opt/wonderful/thirdparty/blocksds/core/libs/libnds/lib\libnds9.a(threads.c.o)
                0x0200597c                cothread_yield
 .text.cothread_start
                0x02005990       0xe8 C:/msys64/opt/wonderful/thirdparty/blocksds/core/libs/libnds/lib\libnds9.a(threads.c.o)
                0x02005990                cothread_start
 .text.fifo_buffer_enqueue_block
                0x02005a78       0x3c C:/msys64/opt/wonderful/thirdparty/blocksds/core/libs/libnds/lib\libnds9.a(fifosystem.c.o)
 .text.fifo_buffer_wait_block
                0x02005ab4       0x7c C:/msys64/opt/wonderful/thirdparty/blocksds/core/libs/libnds/lib\libnds9.a(fifosystem.c.o)
 .text.fifoInternalSend.part.0
                0x02005b30       0xc4 C:/msys64/opt/wonderful/thirdparty/blocksds/core/libs/libnds/lib\libnds9.a(fifosystem.c.o)
 .text.fifoInternalSendInterrupt
                0x02005bf4       0xb0 C:/msys64/opt/wonderful/thirdparty/blocksds/core/libs/libnds/lib\libnds9.a(fifosystem.c.o)
 .text.fifoSetValue32Handler
                0x02005ca4       0xd4 C:/msys64/opt/wonderful/thirdparty/blocksds/core/libs/libnds/lib\libnds9.a(fifosystem.c.o)
                0x02005ca4                fifoSetValue32Handler
 .text.fifoSendValue32
                0x02005d78       0x54 C:/msys64/opt/wonderful/thirdparty/blocksds/core/libs/libnds/lib\libnds9.a(fifosystem.c.o)
                0x02005d78                fifoSendValue32
 .text.fifoGetDatamsg
                0x02005dcc       0xe8 C:/msys64/opt/wonderful/thirdparty/blocksds/core/libs/libnds/lib\libnds9.a(fifosystem.c.o)
                0x02005dcc                fifoGetDatamsg
 .text.fifoInternalRecvInterrupt
                0x02005eb4      0x30c C:/msys64/opt/wonderful/thirdparty/blocksds/core/libs/libnds/lib\libnds9.a(fifosystem.c.o)
 .text.fifoSetDatamsgHandler
                0x020061c0       0x9c C:/msys64/opt/wonderful/thirdparty/blocksds/core/libs/libnds/lib\libnds9.a(fifosystem.c.o)
                0x020061c0                fifoSetDatamsgHandler
 .text.fifoInit
                0x0200625c      0x114 C:/msys64/opt/wonderful/thirdparty/blocksds/core/libs/libnds/lib\libnds9.a(fifosystem.c.o)
                0x0200625c                fifoInit
 .text.irqDummy
                0x02006370        0x4 C:/msys64/opt/wonderful/thirdparty/blocksds/core/libs/libnds/lib\libnds9.a(interrupts.c.o)
                0x02006370                irqDummy
 .text.irqSet   0x02006374       0x78 C:/msys64/opt/wonderful/thirdparty/blocksds/core/libs/libnds/lib\libnds9.a(interrupts.c.o)
                0x02006374                irqSet
 .text.irqInit  0x020063ec       0x50 C:/msys64/opt/wonderful/thirdparty/blocksds/core/libs/libnds/lib\libnds9.a(interrupts.c.o)
                0x020063ec                irqInit
 .text.irqEnable
                0x0200643c       0x64 C:/msys64/opt/wonderful/thirdparty/blocksds/core/libs/libnds/lib\libnds9.a(interrupts.c.o)
                0x0200643c                irqEnable
 .text.systemErrorExit
                0x020064a0        0x4 C:/msys64/opt/wonderful/thirdparty/blocksds/core/libs/libnds/lib\libnds9.a(exit.c.o)
                0x020064a0                systemErrorExit
 .text.__libnds_exit
                0x020064a4        0x8 C:/msys64/opt/wonderful/thirdparty/blocksds/core/libs/libnds/lib\libnds9.a(exit.c.o)
                0x020064a4                __libnds_exit
 .text._exit    0x020064ac       0x78 C:/msys64/opt/wonderful/thirdparty/blocksds/core/libs/libnds/lib\libnds9.a(exit.c.o)
                0x020064ac                _exit
 .text.retarget_lock_crash
                0x02006524        0x4 C:/msys64/opt/wonderful/thirdparty/blocksds/core/libs/libnds/lib\libnds9.a(locks.c.o)
 .text.__retarget_lock_acquire_recursive
                0x02006528       0x40 C:/msys64/opt/wonderful/thirdparty/blocksds/core/libs/libnds/lib\libnds9.a(locks.c.o)
                0x02006528                __retarget_lock_acquire_recursive
 .text.__retarget_lock_release_recursive
                0x02006568       0x48 C:/msys64/opt/wonderful/thirdparty/blocksds/core/libs/libnds/lib\libnds9.a(locks.c.o)
                0x02006568                __retarget_lock_release_recursive
 .text.sbrk     0x020065b0       0x5c C:/msys64/opt/wonderful/thirdparty/blocksds/core/libs/libnds/lib\libnds9.a(sbrk.c.o)
                0x020065b0                sbrk
 .text.__ndsabi_coro_make_noctx
                0x0200660c       0x24 C:/msys64/opt/wonderful/thirdparty/blocksds/core/libs/libnds/lib\libnds9.a(coroutine.c.o)
                0x0200660c                __ndsabi_coro_make_noctx
 .text.__aeabi_read_tp
                0x02006630        0xc C:/msys64/opt/wonderful/thirdparty/blocksds/core/libs/libnds/lib\libnds9.a(aeabi_read_tp.s.o)
                0x02006630                __aeabi_read_tp
 .text.__ndsabi_coro_resume
                0x0200663c       0x18 C:/msys64/opt/wonderful/thirdparty/blocksds/core/libs/libnds/lib\libnds9.a(coroutine.s.o)
                0x0200663c                __ndsabi_coro_resume
 .text.__ndsabi_coro_yield
                0x02006654       0x1c C:/msys64/opt/wonderful/thirdparty/blocksds/core/libs/libnds/lib\libnds9.a(coroutine.s.o)
                0x02006654                __ndsabi_coro_yield
 .text.__ndsabi_coro_pop_noctx
                0x02006670       0x34 C:/msys64/opt/wonderful/thirdparty/blocksds/core/libs/libnds/lib\libnds9.a(coroutine.s.o)
                0x02006670                __ndsabi_coro_pop_noctx
 .text.__aeabi_memset
                0x020066a4       0x9c C:/msys64/opt/wonderful/thirdparty/blocksds/core/libs/libnds/lib\libnds9.a(memset.s.o)
                0x020066a4                __aeabi_memset
                0x020066c8                __aeabi_memset8
                0x020066c8                __aeabi_memset4
                0x020066d4                __ndsabi_wordset4
                0x020066d8                __ndsabi_lwordset4
 .text.__ndsabi_memset1
                0x02006740       0x10 C:/msys64/opt/wonderful/thirdparty/blocksds/core/libs/libnds/lib\libnds9.a(memset.s.o)
                0x02006740                __ndsabi_memset1
 .text.memset   0x02006750       0x1c C:/msys64/opt/wonderful/thirdparty/blocksds/core/libs/libnds/lib\libnds9.a(memset.s.o)
                0x02006750                memset
 .text.DynamicArrayInit
                0x0200676c       0x18 C:/msys64/opt/wonderful/thirdparty/blocksds/core/libs/libnds/lib\libnds9.a(dynamicArray.c.o)
                0x0200676c                DynamicArrayInit
 .text.DynamicArrayGet
                0x02006784       0x18 C:/msys64/opt/wonderful/thirdparty/blocksds/core/libs/libnds/lib\libnds9.a(dynamicArray.c.o)
                0x02006784                DynamicArrayGet
 .text.DynamicArraySet
                0x0200679c       0x48 C:/msys64/opt/wonderful/thirdparty/blocksds/core/libs/libnds/lib\libnds9.a(dynamicArray.c.o)
                0x0200679c                DynamicArraySet
 .text.sinLutLookup
                0x020067e4       0x4c C:/msys64/opt/wonderful/thirdparty/blocksds/core/libs/libnds/lib\libnds9.a(trig.c.o)
                0x020067e4                sinLutLookup
 .text.sinLerp  0x02006830       0x38 C:/msys64/opt/wonderful/thirdparty/blocksds/core/libs/libnds/lib\libnds9.a(trig.c.o)
                0x02006830                sinLerp
 .text.cosLerp  0x02006868       0x48 C:/msys64/opt/wonderful/thirdparty/blocksds/core/libs/libnds/lib\libnds9.a(trig.c.o)
                0x02006868                cosLerp
 .text.tanLerp  0x020068b0       0xb0 C:/msys64/opt/wonderful/thirdparty/blocksds/core/libs/libnds/lib\libnds9.a(trig.c.o)
                0x020068b0                tanLerp
 .text.calloc   0x02006960       0xb4 C:/msys64/opt/wonderful/toolchain/gcc-arm-none-eabi/lib/gcc/arm-none-eabi/14.1.0/../../../../arm-none-eabi/lib/thumb/arm946e-s\libc.a(malloc-calloc.c.o)
                0x02006960                calloc
 .text.malloc_trim
                0x02006a14       0x9c C:/msys64/opt/wonderful/toolchain/gcc-arm-none-eabi/lib/gcc/arm-none-eabi/14.1.0/../../../../arm-none-eabi/lib/thumb/arm946e-s\libc.a(malloc-free.c.o)
                0x02006a14                malloc_trim
 .text.free     0x02006ab0      0x164 C:/msys64/opt/wonderful/toolchain/gcc-arm-none-eabi/lib/gcc/arm-none-eabi/14.1.0/../../../../arm-none-eabi/lib/thumb/arm946e-s\libc.a(malloc-free.c.o)
                0x02006ab0                free
                0x02006ab0                __malloc_free
 .text.malloc   0x02006c14      0x434 C:/msys64/opt/wonderful/toolchain/gcc-arm-none-eabi/lib/gcc/arm-none-eabi/14.1.0/../../../../arm-none-eabi/lib/thumb/arm946e-s\libc.a(malloc-malloc.c.o)
                0x02006c14                malloc
 .text.realloc  0x02007048      0x360 C:/msys64/opt/wonderful/toolchain/gcc-arm-none-eabi/lib/gcc/arm-none-eabi/14.1.0/../../../../arm-none-eabi/lib/thumb/arm946e-s\libc.a(malloc-realloc.c.o)
                0x02007048                realloc
 .text.__libc_init_array
                0x020073a8       0x54 C:/msys64/opt/wonderful/toolchain/gcc-arm-none-eabi/lib/gcc/arm-none-eabi/14.1.0/../../../../arm-none-eabi/lib/thumb/arm946e-s\libc.a(libc_misc_init.c.o)
                0x020073a8                __libc_init_array
 .text.exit     0x020073fc       0x20 C:/msys64/opt/wonderful/toolchain/gcc-arm-none-eabi/lib/gcc/arm-none-eabi/14.1.0/../../../../arm-none-eabi/lib/thumb/arm946e-s\libc.a(libc_stdlib_pico-exit.c.o)
                0x020073fc                exit
 .text.fflush   0x0200741c       0x12 C:/msys64/opt/wonderful/toolchain/gcc-arm-none-eabi/lib/gcc/arm-none-eabi/14.1.0/../../../../arm-none-eabi/lib/thumb/arm946e-s\libc.a(libc_tinystdio_fflush.c.o)
                0x0200741c                fflush
 *fill*         0x0200742e        0x2 ff
 .text.printf   0x02007430       0x20 C:/msys64/opt/wonderful/toolchain/gcc-arm-none-eabi/lib/gcc/arm-none-eabi/14.1.0/../../../../arm-none-eabi/lib/thumb/arm946e-s\libc.a(libc_tinystdio_printf.c.o)
                0x02007430                printf
 .text.putchar  0x02007450       0x10 C:/msys64/opt/wonderful/toolchain/gcc-arm-none-eabi/lib/gcc/arm-none-eabi/14.1.0/../../../../arm-none-eabi/lib/thumb/arm946e-s\libc.a(libc_tinystdio_putchar.c.o)
                0x02007450                putchar
 .text.puts     0x02007460       0x40 C:/msys64/opt/wonderful/toolchain/gcc-arm-none-eabi/lib/gcc/arm-none-eabi/14.1.0/../../../../arm-none-eabi/lib/thumb/arm946e-s\libc.a(libc_tinystdio_puts.c.o)
                0x02007460                puts
 .text.setvbuf  0x020074a0       0x18 C:/msys64/opt/wonderful/toolchain/gcc-arm-none-eabi/lib/gcc/arm-none-eabi/14.1.0/../../../../arm-none-eabi/lib/thumb/arm946e-s\libc.a(libc_tinystdio_setvbuf.c.o)
                0x020074a0                setvbuf
 .text.sscanf   0x020074b8       0x3c C:/msys64/opt/wonderful/toolchain/gcc-arm-none-eabi/lib/gcc/arm-none-eabi/14.1.0/../../../../arm-none-eabi/lib/thumb/arm946e-s\libc.a(libc_tinystdio_sscanf.c.o)
                0x020074b8                sscanf
 .text.__ultoa_invert
                0x020074f4       0x52 C:/msys64/opt/wonderful/toolchain/gcc-arm-none-eabi/lib/gcc/arm-none-eabi/14.1.0/../../../../arm-none-eabi/lib/thumb/arm946e-s\libc.a(libc_tinystdio_vfprintf.c.o)
 *fill*         0x02007546        0x2 ff
 .text.skip_to_arg
                0x02007548      0x13c C:/msys64/opt/wonderful/toolchain/gcc-arm-none-eabi/lib/gcc/arm-none-eabi/14.1.0/../../../../arm-none-eabi/lib/thumb/arm946e-s\libc.a(libc_tinystdio_vfprintf.c.o)
 .text.vfprintf
                0x02007684      0x9f4 C:/msys64/opt/wonderful/toolchain/gcc-arm-none-eabi/lib/gcc/arm-none-eabi/14.1.0/../../../../arm-none-eabi/lib/thumb/arm946e-s\libc.a(libc_tinystdio_vfprintf.c.o)
                0x02007684                vfprintf
                0x02007684                __d_vfprintf
 .text.scanf_getc
                0x02008078       0x14 C:/msys64/opt/wonderful/toolchain/gcc-arm-none-eabi/lib/gcc/arm-none-eabi/14.1.0/../../../../arm-none-eabi/lib/thumb/arm946e-s\libc.a(libc_tinystdio_vfscanf.c.o)
 .text.putval   0x0200808c       0x2a C:/msys64/opt/wonderful/toolchain/gcc-arm-none-eabi/lib/gcc/arm-none-eabi/14.1.0/../../../../arm-none-eabi/lib/thumb/arm946e-s\libc.a(libc_tinystdio_vfscanf.c.o)
 .text.scanf_ungetc.isra.0
                0x020080b6       0x14 C:/msys64/opt/wonderful/toolchain/gcc-arm-none-eabi/lib/gcc/arm-none-eabi/14.1.0/../../../../arm-none-eabi/lib/thumb/arm946e-s\libc.a(libc_tinystdio_vfscanf.c.o)
 .text.skip_spaces
                0x020080ca       0x2a C:/msys64/opt/wonderful/toolchain/gcc-arm-none-eabi/lib/gcc/arm-none-eabi/14.1.0/../../../../arm-none-eabi/lib/thumb/arm946e-s\libc.a(libc_tinystdio_vfscanf.c.o)
 .text.vfscanf  0x020080f4      0x970 C:/msys64/opt/wonderful/toolchain/gcc-arm-none-eabi/lib/gcc/arm-none-eabi/14.1.0/../../../../arm-none-eabi/lib/thumb/arm946e-s\libc.a(libc_tinystdio_vfscanf.c.o)
                0x020080f4                vfscanf
                0x020080f4                __d_vfscanf
 .text.vprintf  0x02008a64       0x14 C:/msys64/opt/wonderful/toolchain/gcc-arm-none-eabi/lib/gcc/arm-none-eabi/14.1.0/../../../../arm-none-eabi/lib/thumb/arm946e-s\libc.a(libc_tinystdio_vprintf.c.o)
                0x02008a64                vprintf
 .text.mulShift64
                0x02008a78       0x64 C:/msys64/opt/wonderful/toolchain/gcc-arm-none-eabi/lib/gcc/arm-none-eabi/14.1.0/../../../../arm-none-eabi/lib/thumb/arm946e-s\libc.a(libc_tinystdio_atod_ryu.c.o)
 .text.__atod_engine
                0x02008adc      0x158 C:/msys64/opt/wonderful/toolchain/gcc-arm-none-eabi/lib/gcc/arm-none-eabi/14.1.0/../../../../arm-none-eabi/lib/thumb/arm946e-s\libc.a(libc_tinystdio_atod_ryu.c.o)
                0x02008adc                __atod_engine
 .text.__atof_engine
                0x02008c34      0x11e C:/msys64/opt/wonderful/toolchain/gcc-arm-none-eabi/lib/gcc/arm-none-eabi/14.1.0/../../../../arm-none-eabi/lib/thumb/arm946e-s\libc.a(libc_tinystdio_atof_ryu.c.o)
                0x02008c34                __atof_engine
 .text.mulShiftAll64
                0x02008d52      0x208 C:/msys64/opt/wonderful/toolchain/gcc-arm-none-eabi/lib/gcc/arm-none-eabi/14.1.0/../../../../arm-none-eabi/lib/thumb/arm946e-s\libc.a(libc_tinystdio_dtoa_ryu.c.o)
 *fill*         0x02008f5a        0x2 ff
 .text.div10    0x02008f5c       0x28 C:/msys64/opt/wonderful/toolchain/gcc-arm-none-eabi/lib/gcc/arm-none-eabi/14.1.0/../../../../arm-none-eabi/lib/thumb/arm946e-s\libc.a(libc_tinystdio_dtoa_ryu.c.o)
 .text.__dtoa_engine
                0x02008f84      0x49c C:/msys64/opt/wonderful/toolchain/gcc-arm-none-eabi/lib/gcc/arm-none-eabi/14.1.0/../../../../arm-none-eabi/lib/thumb/arm946e-s\libc.a(libc_tinystdio_dtoa_ryu.c.o)
                0x02008f84                __dtoa_engine
 .text.mulShift32
                0x02009420       0x4a C:/msys64/opt/wonderful/toolchain/gcc-arm-none-eabi/lib/gcc/arm-none-eabi/14.1.0/../../../../arm-none-eabi/lib/thumb/arm946e-s\libc.a(libc_tinystdio_ryu_divpow2.c.o)
 .text.__mulPow5InvDivPow2
                0x0200946a       0x2a C:/msys64/opt/wonderful/toolchain/gcc-arm-none-eabi/lib/gcc/arm-none-eabi/14.1.0/../../../../arm-none-eabi/lib/thumb/arm946e-s\libc.a(libc_tinystdio_ryu_divpow2.c.o)
                0x0200946a                __mulPow5InvDivPow2
 .text.__mulPow5divPow2
                0x02009494       0x22 C:/msys64/opt/wonderful/toolchain/gcc-arm-none-eabi/lib/gcc/arm-none-eabi/14.1.0/../../../../arm-none-eabi/lib/thumb/arm946e-s\libc.a(libc_tinystdio_ryu_divpow2.c.o)
                0x02009494                __mulPow5divPow2
 *fill*         0x020094b6        0x2 ff
 .text.__log10Pow2
                0x020094b8        0xc C:/msys64/opt/wonderful/toolchain/gcc-arm-none-eabi/lib/gcc/arm-none-eabi/14.1.0/../../../../arm-none-eabi/lib/thumb/arm946e-s\libc.a(libc_tinystdio_ryu_log10.c.o)
                0x020094b8                __log10Pow2
 .text.__log10Pow5
                0x020094c4        0xc C:/msys64/opt/wonderful/toolchain/gcc-arm-none-eabi/lib/gcc/arm-none-eabi/14.1.0/../../../../arm-none-eabi/lib/thumb/arm946e-s\libc.a(libc_tinystdio_ryu_log10.c.o)
                0x020094c4                __log10Pow5
 .text.__log2pow5
                0x020094d0        0xc C:/msys64/opt/wonderful/toolchain/gcc-arm-none-eabi/lib/gcc/arm-none-eabi/14.1.0/../../../../arm-none-eabi/lib/thumb/arm946e-s\libc.a(libc_tinystdio_ryu_log2pow5.c.o)
                0x020094d0                __log2pow5
 .text.__ceil_log2pow5
                0x020094dc       0x10 C:/msys64/opt/wonderful/toolchain/gcc-arm-none-eabi/lib/gcc/arm-none-eabi/14.1.0/../../../../arm-none-eabi/lib/thumb/arm946e-s\libc.a(libc_tinystdio_ryu_log2pow5.c.o)
                0x020094dc                __ceil_log2pow5
 .text.__pow5bits
                0x020094ec       0x10 C:/msys64/opt/wonderful/toolchain/gcc-arm-none-eabi/lib/gcc/arm-none-eabi/14.1.0/../../../../arm-none-eabi/lib/thumb/arm946e-s\libc.a(libc_tinystdio_ryu_pow5bits.c.o)
                0x020094ec                __pow5bits
 .text.__pow5Factor
                0x020094fc       0x2c C:/msys64/opt/wonderful/toolchain/gcc-arm-none-eabi/lib/gcc/arm-none-eabi/14.1.0/../../../../arm-none-eabi/lib/thumb/arm946e-s\libc.a(libc_tinystdio_ryu_table.c.o)
                0x020094fc                __pow5Factor
 .text.__double_computePow5
                0x02009528      0x104 C:/msys64/opt/wonderful/toolchain/gcc-arm-none-eabi/lib/gcc/arm-none-eabi/14.1.0/../../../../arm-none-eabi/lib/thumb/arm946e-s\libc.a(libc_tinystdio_ryu_table.c.o)
                0x02009528                __double_computePow5
 .text.__double_computeInvPow5
                0x0200962c      0x100 C:/msys64/opt/wonderful/toolchain/gcc-arm-none-eabi/lib/gcc/arm-none-eabi/14.1.0/../../../../arm-none-eabi/lib/thumb/arm946e-s\libc.a(libc_tinystdio_ryu_table.c.o)
                0x0200962c                __double_computeInvPow5
 .text.__umul128
                0x0200972c       0x6a C:/msys64/opt/wonderful/toolchain/gcc-arm-none-eabi/lib/gcc/arm-none-eabi/14.1.0/../../../../arm-none-eabi/lib/thumb/arm946e-s\libc.a(libc_tinystdio_ryu_umul128.c.o)
                0x0200972c                __umul128
 .text.__shiftright128
                0x02009796       0x28 C:/msys64/opt/wonderful/toolchain/gcc-arm-none-eabi/lib/gcc/arm-none-eabi/14.1.0/../../../../arm-none-eabi/lib/thumb/arm946e-s\libc.a(libc_tinystdio_ryu_umul128.c.o)
                0x02009796                __shiftright128
 .text.memmove  0x020097be       0x24 C:/msys64/opt/wonderful/toolchain/gcc-arm-none-eabi/lib/gcc/arm-none-eabi/14.1.0/../../../../arm-none-eabi/lib/thumb/arm946e-s\libc.a(memmove.c.o)
                0x020097be                __aeabi_memmove8
                0x020097be                __aeabi_memmove
                0x020097be                __aeabi_memmove4
                0x020097be                memmove
 *fill*         0x020097e2        0x2 ff
 .text.__libc_fini_array
                0x020097e4       0x30 C:/msys64/opt/wonderful/toolchain/gcc-arm-none-eabi/lib/gcc/arm-none-eabi/14.1.0/../../../../arm-none-eabi/lib/thumb/arm946e-s\libc.a(libc_misc_fini.c.o)
                0x020097e4                __libc_fini_array
 .text.strchr   0x02009814       0x1e C:/msys64/opt/wonderful/toolchain/gcc-arm-none-eabi/lib/gcc/arm-none-eabi/14.1.0/../../../../arm-none-eabi/lib/thumb/arm946e-s\libc.a(libc_string_strchr.c.o)
                0x02009814                strchr
 .text.strnlen  0x02009832       0x16 C:/msys64/opt/wonderful/toolchain/gcc-arm-none-eabi/lib/gcc/arm-none-eabi/14.1.0/../../../../arm-none-eabi/lib/thumb/arm946e-s\libc.a(libc_string_strnlen.c.o)
                0x02009832                strnlen
 .text.__dtox_engine
                0x02009848      0x150 C:/msys64/opt/wonderful/toolchain/gcc-arm-none-eabi/lib/gcc/arm-none-eabi/14.1.0/../../../../arm-none-eabi/lib/thumb/arm946e-s\libc.a(libc_tinystdio_dtox_engine.c.o)
                0x02009848                __dtox_engine
 .text.fgetc    0x02009998       0x48 C:/msys64/opt/wonderful/toolchain/gcc-arm-none-eabi/lib/gcc/arm-none-eabi/14.1.0/../../../../arm-none-eabi/lib/thumb/arm946e-s\libc.a(libc_tinystdio_fgetc.c.o)
                0x02009998                fgetc
                0x02009998                getc
 .text.__file_str_get
                0x020099e0       0x16 C:/msys64/opt/wonderful/toolchain/gcc-arm-none-eabi/lib/gcc/arm-none-eabi/14.1.0/../../../../arm-none-eabi/lib/thumb/arm946e-s\libc.a(libc_tinystdio_filestrget.c.o)
                0x020099e0                __file_str_get
 .text.fputc    0x020099f6       0x2c C:/msys64/opt/wonderful/toolchain/gcc-arm-none-eabi/lib/gcc/arm-none-eabi/14.1.0/../../../../arm-none-eabi/lib/thumb/arm946e-s\libc.a(libc_tinystdio_fputc.c.o)
                0x020099f6                fputc
                0x020099f6                putc
 .text.ungetc   0x02009a22       0x36 C:/msys64/opt/wonderful/toolchain/gcc-arm-none-eabi/lib/gcc/arm-none-eabi/14.1.0/../../../../arm-none-eabi/lib/thumb/arm946e-s\libc.a(libc_tinystdio_ungetc.c.o)
                0x02009a22                ungetc
 .text.__picolibc_non_atomic_compare_exchange_ungetc
                0x02009a58       0x12 C:/msys64/opt/wonderful/toolchain/gcc-arm-none-eabi/lib/gcc/arm-none-eabi/14.1.0/../../../../arm-none-eabi/lib/thumb/arm946e-s\libc.a(libc_tinystdio_compare_exchange.c.o)
                0x02009a58                __atomic_compare_exchange_ungetc
                0x02009a58                __picolibc_non_atomic_compare_exchange_ungetc
 .text.__picolibc_non_atomic_exchange_ungetc
                0x02009a6a        0x8 C:/msys64/opt/wonderful/toolchain/gcc-arm-none-eabi/lib/gcc/arm-none-eabi/14.1.0/../../../../arm-none-eabi/lib/thumb/arm946e-s\libc.a(libc_tinystdio_exchange.c.o)
                0x02009a6a                __picolibc_non_atomic_exchange_ungetc
                0x02009a6a                __atomic_exchange_ungetc
 *fill*         0x02009a72        0x6 ff
 .text.__picolibc_non_atomic_exchange_ungetc.__stub
                0x02009a78       0x20 linker stubs
 *(EXCLUDE_FILE(*.twl*) .gnu.warning)
 *(EXCLUDE_FILE(*.twl*) .gnu.linkonce.t*)
 *(.glue_7)
 .glue_7        0x02009a98        0x0 linker stubs
 *(.glue_7t)
 .glue_7t       0x02009a98        0x0 linker stubs
                0x02009a98                        . = ALIGN (0x4)
 *fill*         0x02009a98        0x0 ff

.vfp11_veneer   0x02009a98        0x0
 .vfp11_veneer  0x02009a98        0x0 linker stubs

.v4_bx          0x02009a98        0x0
 .v4_bx         0x02009a98        0x0 linker stubs

.iplt           0x02009a98        0x0
 .iplt          0x02009a98        0x0 C:/msys64/opt/wonderful/thirdparty/blocksds/core/sys/crts/ds_arm9_crt0.o

.fini           0x02009a98        0x8
 *(.fini)
 .fini          0x02009a98        0x8 C:/msys64/opt/wonderful/toolchain/gcc-arm-none-eabi/lib/gcc/arm-none-eabi/14.1.0/thumb/arm946e-s/crtn.o
                0x02009aa0                        __text_end = .

.rodata         0x02009aa0    0x1fbcc
 *(EXCLUDE_FILE(*.twl*) .rodata)
 .rodata        0x02009aa0       0x80 build/gl2d_spriteset/source/main.c.o
 .rodata        0x02009b20       0x24 C:/msys64/opt/wonderful/thirdparty/blocksds/core/libs/libnds/lib\libnds9.a(videoGL.c.o)
 .rodata        0x02009b44        0xb C:/msys64/opt/wonderful/toolchain/gcc-arm-none-eabi/lib/gcc/arm-none-eabi/14.1.0/../../../../arm-none-eabi/lib/thumb/arm946e-s\libc.a(libc_tinystdio_vfscanf.c.o)
 *fill*         0x02009b4f        0x1 ff
 .rodata        0x02009b50      0x338 C:/msys64/opt/wonderful/toolchain/gcc-arm-none-eabi/lib/gcc/arm-none-eabi/14.1.0/../../../../arm-none-eabi/lib/thumb/arm946e-s\libc.a(libc_tinystdio_ryu_table.c.o)
 *all.rodata*(*)
 *(EXCLUDE_FILE(*.twl*) .roda)
 *(EXCLUDE_FILE(*.twl*) .rodata.*)
 .rodata.atlas_texturePal
                0x02009e88      0x200 build/gl2d_spriteset/graphics/atlas_texture.png.o
                0x02009e88                atlas_texturePal
 .rodata.atlas_textureBitmap
                0x0200a088     0x8000 build/gl2d_spriteset/graphics/atlas_texture.png.o
                0x0200a088                atlas_textureBitmap
 .rodata.bg1_Pal
                0x02012088      0x200 build/gl2d_spriteset/graphics/bg1_.png.o
                0x02012088                bg1_Pal
 .rodata.bg1_Map
                0x02012288      0x800 build/gl2d_spriteset/graphics/bg1_.png.o
                0x02012288                bg1_Map
 .rodata.bg1_Tiles
                0x02012a88     0x6ec0 build/gl2d_spriteset/graphics/bg1_.png.o
                0x02012a88                bg1_Tiles
 .rodata.bg2_Pal
                0x02019948      0x200 build/gl2d_spriteset/graphics/bg2_.png.o
                0x02019948                bg2_Pal
 .rodata.bg2_Map
                0x02019b48     0x2000 build/gl2d_spriteset/graphics/bg2_.png.o
                0x02019b48                bg2_Map
 .rodata.bg2_Tiles
                0x0201bb48     0xd0c0 build/gl2d_spriteset/graphics/bg2_.png.o
                0x0201bb48                bg2_Tiles
 .rodata.ATLAS_texcoords
                0x02028c08       0x88 build/gl2d_spriteset/source/atlas.c.o
                0x02028c08                ATLAS_texcoords
 .rodata.bgInit.part.0.str1.4
                0x02028c90      0x292 build/gl2d_spriteset/source/main.c.o
                                 0xbf (size before relaxing)
 .rodata.main.str1.4
                0x02028f22      0x106 build/gl2d_spriteset/source/main.c.o
 .rodata.str1.4
                0x02028f22        0x6 build/gl2d_spriteset/source/main.c.o
 .rodata.con_write.str1.4
                0x02028f22       0x30 C:/msys64/opt/wonderful/thirdparty/blocksds/core/libs/libnds/lib\libnds9.a(console.c.o)
 *fill*         0x02028f22        0x2 ff
 .rodata.con_write
                0x02028f24       0xd4 C:/msys64/opt/wonderful/thirdparty/blocksds/core/libs/libnds/lib\libnds9.a(console.c.o)
 .rodata.stderr
                0x02028ff8        0x4 C:/msys64/opt/wonderful/thirdparty/blocksds/core/libs/libnds/lib\libnds9.a(iob.c.o)
                0x02028ff8                stderr
 .rodata.stdout
                0x02028ffc        0x4 C:/msys64/opt/wonderful/thirdparty/blocksds/core/libs/libnds/lib\libnds9.a(iob.c.o)
                0x02028ffc                stdout
 .rodata.__sassert.str1.4
                0x02029000       0x8e C:/msys64/opt/wonderful/thirdparty/blocksds/core/libs/libnds/lib\libnds9.a(sassert.c.o)
 .rodata.glMaterialf
                0x02029000       0x44 C:/msys64/opt/wonderful/thirdparty/blocksds/core/libs/libnds/lib\libnds9.a(videoGL.c.o)
 .rodata.default_fontTiles
                0x02029044      0x300 C:/msys64/opt/wonderful/thirdparty/blocksds/core/libs/libnds/lib\libnds9.a(default_font.png.o)
                0x02029044                default_fontTiles
 .rodata.TAN_LUT
                0x02029344      0x204 C:/msys64/opt/wonderful/thirdparty/blocksds/core/libs/libnds/lib\libnds9.a(trig.c.o)
                0x02029344                TAN_LUT
 .rodata.SIN_LUT
                0x02029548      0x102 C:/msys64/opt/wonderful/thirdparty/blocksds/core/libs/libnds/lib\libnds9.a(trig.c.o)
                0x02029548                SIN_LUT
 .rodata.str1.1
                0x0202964a       0x22 C:/msys64/opt/wonderful/toolchain/gcc-arm-none-eabi/lib/gcc/arm-none-eabi/14.1.0/../../../../arm-none-eabi/lib/thumb/arm946e-s\libc.a(libc_tinystdio_vfprintf.c.o)
                                  0xf (size before relaxing)
 .rodata.str1.1
                0x0202966c       0x13 C:/msys64/opt/wonderful/toolchain/gcc-arm-none-eabi/lib/gcc/arm-none-eabi/14.1.0/../../../../arm-none-eabi/lib/thumb/arm946e-s\libc.a(libc_tinystdio_vfscanf.c.o)
 *(EXCLUDE_FILE(*.twl*) .gnu.linkonce.r*)
                0x02029680                        . = ALIGN (0x4)

.ARM.extab
 *(.ARM.extab* .gnu.linkonce.armextab.*)
                0x0202966c                        __exidx_start = .

ARM.exidx       0x0202966c        0x8
 *(.ARM.exidx* .gnu.linkonce.armexidx.*)
 .ARM.exidx     0x0202966c        0x8 C:/msys64/opt/wonderful/toolchain/gcc-arm-none-eabi/lib/gcc/arm-none-eabi/14.1.0/thumb/arm946e-s\libgcc.a(_udivmoddi4.o)
                0x02029674                        __exidx_end = .
                0x02029674                        . = ALIGN (0x4)
                0x02029674                        PROVIDE (__preinit_array_start = .)

.preinit_array
 *(.preinit_array)
                0x02029674                        PROVIDE (__preinit_array_end = .)
                0x02029674                        PROVIDE (__init_array_start = .)

.init_array
 *(SORT_BY_NAME(.init_array.*))
 *(.init_array)
                0x02029674                        PROVIDE (__init_array_end = .)
                0x02029674                        PROVIDE (__fini_array_start = .)

.fini_array
 *(.fini_array)
 *(SORT_BY_NAME(.fini_array.*))
                0x02029674                        PROVIDE (__fini_array_end = .)

.ctors          0x02029674        0x0
 *crtbegin.o(.ctors)
 *(EXCLUDE_FILE(*crtend.o) .ctors)
 *(SORT_BY_NAME(.ctors.*))
 *(.ctors)
                0x02029674                        . = ALIGN (0x4)

.dtors          0x02029674        0x0
 *crtbegin.o(.dtors)
 *(EXCLUDE_FILE(*crtend.o) .dtors)
 *(SORT_BY_NAME(.dtors.*))
 *(.dtors)
                0x02029674                        . = ALIGN (0x4)

.eh_frame       0x02029674        0x4
 *(.eh_frame)
 .eh_frame      0x02029674        0x4 C:/msys64/opt/wonderful/toolchain/gcc-arm-none-eabi/lib/gcc/arm-none-eabi/14.1.0/thumb/arm946e-s/crtend.o
                0x02029678                        . = ALIGN (0x4)

.rel.dyn        0x02029678        0x0
 .rel.iplt      0x02029678        0x0 C:/msys64/opt/wonderful/thirdparty/blocksds/core/sys/crts/ds_arm9_crt0.o

.gcc_except_table
                0x02029678        0x0
 *(.gcc_except_table)
                0x02029678                        . = ALIGN (0x4)

.jcr
 *(.jcr)

.got            0x02029678       0x10
 *(.got.plt)
 .got.plt       0x02029678        0xc C:/msys64/opt/wonderful/thirdparty/blocksds/core/sys/crts/ds_arm9_crt0.o
                0x02029678                _GLOBAL_OFFSET_TABLE_
 *(.got)
 .got           0x02029684        0x4 C:/msys64/opt/wonderful/thirdparty/blocksds/core/sys/crts/ds_arm9_crt0.o
 *(.rel.got)
 .rel.got       0x02029688        0x0 C:/msys64/opt/wonderful/thirdparty/blocksds/core/sys/crts/ds_arm9_crt0.o

.ewram          0x02029688        0x0
                0x02029688                        __ewram_start = ABSOLUTE (.)
 *(.ewram)
 *ewram.*(.text)
                0x02029688                        . = ALIGN (0x4)

.data           0x02029688      0x5b8
                0x02029688                        __data_start = ABSOLUTE (.)
 *(EXCLUDE_FILE(*.twl*) .data)
 .data          0x02029688       0x28 C:/msys64/opt/wonderful/thirdparty/blocksds/core/libs/libnds/lib\libnds9.a(mpu_setup.s.o)
 .data          0x020296b0      0x410 C:/msys64/opt/wonderful/toolchain/gcc-arm-none-eabi/lib/gcc/arm-none-eabi/14.1.0/../../../../arm-none-eabi/lib/thumb/arm946e-s\libc.a(malloc-malloc.c.o)
                0x020296b0                __malloc_sbrk_base
                0x020296b4                __malloc_trim_threshold
                0x020296b8                __malloc_av_
 *(EXCLUDE_FILE(*.twl*) .data.*)
 .data.mario    0x02029ac0       0x68 build/gl2d_spriteset/source/main.c.o
                0x02029ac0                mario
 .data.ground_level
                0x02029b28        0x4 build/gl2d_spriteset/source/main.c.o
                0x02029b28                ground_level
 .data.y        0x02029b2c        0x4 build/gl2d_spriteset/source/main.c.o
                0x02029b2c                y
 .data.x        0x02029b30        0x4 build/gl2d_spriteset/source/main.c.o
                0x02029b30                x
 .data.goal     0x02029b34        0x4 build/gl2d_spriteset/source/main.c.o
                0x02029b34                goal
 .data.state    0x02029b38        0x4 build/gl2d_spriteset/source/main.c.o
                0x02029b38                state
 .data.finalframe
                0x02029b3c        0x4 build/gl2d_spriteset/source/main.c.o
                0x02029b3c                finalframe
 .data.firstConsoleInit.0
                0x02029b40        0x1 C:/msys64/opt/wonderful/thirdparty/blocksds/core/libs/libnds/lib\libnds9.a(console.c.o)
 *fill*         0x02029b41        0x3 ff
 .data.currentConsole
                0x02029b44        0x4 C:/msys64/opt/wonderful/thirdparty/blocksds/core/libs/libnds/lib\libnds9.a(console.c.o)
                0x02029b44                currentConsole
 .data.defaultConsole
                0x02029b48       0x5c C:/msys64/opt/wonderful/thirdparty/blocksds/core/libs/libnds/lib\libnds9.a(console.c.o)
                0x02029b48                defaultConsole
 .data.__stderr
                0x02029ba4       0x10 C:/msys64/opt/wonderful/thirdparty/blocksds/core/libs/libnds/lib\libnds9.a(iob.c.o)
 .data.__stdout
                0x02029bb4       0x10 C:/msys64/opt/wonderful/thirdparty/blocksds/core/libs/libnds/lib\libnds9.a(iob.c.o)
 .data.count    0x02029bc4        0x1 C:/msys64/opt/wonderful/thirdparty/blocksds/core/libs/libnds/lib\libnds9.a(keys.c.o)
 .data.repeat   0x02029bc5        0x1 C:/msys64/opt/wonderful/thirdparty/blocksds/core/libs/libnds/lib\libnds9.a(keys.c.o)
 .data.delay    0x02029bc6        0x1 C:/msys64/opt/wonderful/thirdparty/blocksds/core/libs/libnds/lib\libnds9.a(keys.c.o)
 *fill*         0x02029bc7        0x1 ff
 .data.latchedArm7Buttons
                0x02029bc8        0x2 C:/msys64/opt/wonderful/thirdparty/blocksds/core/libs/libnds/lib\libnds9.a(keys.c.o)
 .data.receivedArm7Buttons
                0x02029bca        0x2 C:/msys64/opt/wonderful/thirdparty/blocksds/core/libs/libnds/lib\libnds9.a(keys.c.o)
 .data.bgTransform
                0x02029bcc       0x20 C:/msys64/opt/wonderful/thirdparty/blocksds/core/libs/libnds/lib\libnds9.a(background.c.o)
                0x02029bcc                bgTransform
 .data.bgScrollTable
                0x02029bec       0x20 C:/msys64/opt/wonderful/thirdparty/blocksds/core/libs/libnds/lib\libnds9.a(background.c.o)
                0x02029bec                bgScrollTable
 .data.bgControl
                0x02029c0c       0x20 C:/msys64/opt/wonderful/thirdparty/blocksds/core/libs/libnds/lib\libnds9.a(background.c.o)
                0x02029c0c                bgControl
 .data.glGlob   0x02029c2c        0x4 C:/msys64/opt/wonderful/thirdparty/blocksds/core/libs/libnds/lib\libnds9.a(videoGL.c.o)
 .data.fifo_freewords
                0x02029c30        0x4 C:/msys64/opt/wonderful/thirdparty/blocksds/core/libs/libnds/lib\libnds9.a(fifosystem.c.o)
 .data.fifo_receive_queue
                0x02029c34        0x4 C:/msys64/opt/wonderful/thirdparty/blocksds/core/libs/libnds/lib\libnds9.a(fifosystem.c.o)
 .data.fifo_send_queue
                0x02029c38        0x4 C:/msys64/opt/wonderful/thirdparty/blocksds/core/libs/libnds/lib\libnds9.a(fifosystem.c.o)
 .data.fifo_buffer_free
                0x02029c3c        0x4 C:/msys64/opt/wonderful/thirdparty/blocksds/core/libs/libnds/lib\libnds9.a(fifosystem.c.o)
 *(EXCLUDE_FILE(*.twl*) .gnu.linkonce.d*)
                0x02029c40                        . = ALIGN (0x4)

.igot.plt       0x02029c40        0x0
 .igot.plt      0x02029c40        0x0 C:/msys64/opt/wonderful/thirdparty/blocksds/core/sys/crts/ds_arm9_crt0.o

.tdata          0x02029c40        0x0
                0x02029c40                        __tdata_start = ABSOLUTE (.)
 *(.tdata .tdata.* .gnu.linkonce.td.*)
                0x02029c40                        . = ALIGN (0x4)
                0x02029c40                        __tdata_end = ABSOLUTE (.)
                0x02029c40                        __data_end = .
                0x00000000                        __tdata_size = (__tdata_end - __tdata_start)

.tbss           0x02029c40        0x4
                0x02029c40                        __tbss_start = ABSOLUTE (.)
 *(.tbss .tbss.* .gnu.linkonce.tb.*)
 .tbss          0x02029c40        0x4 C:/msys64/opt/wonderful/toolchain/gcc-arm-none-eabi/lib/gcc/arm-none-eabi/14.1.0/../../../../arm-none-eabi/lib/thumb/arm946e-s\libc.a(libc_errno_errno.c.o)
                0x02029c40                errno
 *(.tcommon)
                0x02029c44                        . = ALIGN (0x4)
                0x02029c44                        __tbss_end = ABSOLUTE (.)
                0x00000004                        __tbss_size = (__tbss_end - __tbss_start)
                0x02029c40                        __bss_vma = .

.dtcm           0x02ff0000        0x0 load address 0x02029c40
                0x02029c40                        __dtcm_lma = LOADADDR (.dtcm)
                0x02ff0000                        __dtcm_start = ABSOLUTE (.)
 *(.dtcm)
 *(.dtcm.*)
                0x02ff0000                        . = ALIGN (0x4)
                0x02ff0000                        __dtcm_end = ABSOLUTE (.)

.itcm           0x01000100      0x2f8 load address 0x02029c40
                0x02029c40                        __itcm_lma = LOADADDR (.itcm)
                0x01000100                        __itcm_start = ABSOLUTE (.)
 *(.itcm)
 *(.itcm.*)
 .itcm.text     0x01000100       0x3c C:/msys64/opt/wonderful/thirdparty/blocksds/core/libs/libnds/lib\libnds9.a(threads.c.o)
                0x01000100                cothread_scheduler_refresh_irq_flags
 .itcm.data     0x0100013c      0x100 C:/msys64/opt/wonderful/thirdparty/blocksds/core/libs/libnds/lib\libnds9.a(interrupts.c.o)
                0x0100013c                irqTable
 .itcm.setCpuClock
                0x0100023c       0x50 C:/msys64/opt/wonderful/thirdparty/blocksds/core/libs/libnds/lib\libnds9.a(cpu_clock.s.o)
                0x0100023c                setCpuClock
 .itcm.IntrMain
                0x0100028c       0xe0 C:/msys64/opt/wonderful/thirdparty/blocksds/core/libs/libnds/lib\libnds9.a(interruptDispatcher.s.o)
                0x0100028c                IntrMain
 .itcm.text     0x0100036c       0x8c C:/msys64/opt/wonderful/thirdparty/blocksds/core/libs/libnds/lib\libnds9.a(cache.c.o)
                0x0100036c                CP15_CleanAndFlushDCacheRange
                0x010003a0                CP15_FlushDCacheRange
                0x010003cc                CP15_FlushICacheRange
 *.itcm*(.text .stub .text.*)
                0x010003f8                        . = ALIGN (0x4)
                0x010003f8                        __itcm_end = ABSOLUTE (.)

.vectors        0x01000000        0x0 load address 0x02029f38
                0x02029f38                        __vectors_lma = LOADADDR (.vectors)
                0x01000000                        __vectors_start = ABSOLUTE (.)
 *(.vectors .vectors.*)
                0x01000000                        . = ALIGN (0x4)
                0x01000000                        __vectors_end = ABSOLUTE (.)

.sbss           0x02ff0000        0x4
                0x02ff0000                        __sbss_start = ABSOLUTE (.)
                0x02ff0000                        __sbss_start__ = ABSOLUTE (.)
 *(.sbss)
 .sbss          0x02ff0000        0x4 C:/msys64/opt/wonderful/thirdparty/blocksds/core/libs/libnds/lib\libnds9.a(threads.c.o)
                0x02ff0000                cothread_irq_flags
                0x02ff0004                        . = ALIGN (0x4)
                0x02ff0004                        __sbss_end = ABSOLUTE (.)

.bss            0x02029c40      0xe88
                0x02029c40                        __bss_start = ABSOLUTE (.)
                0x02029c40                        __bss_start__ = ABSOLUTE (.)
 *(EXCLUDE_FILE(*.twl*) .dynbss)
 *(EXCLUDE_FILE(*.twl*) .gnu.linkonce.b*)
 *(EXCLUDE_FILE(*.twl*) .bss*)
 .bss.ruins     0x02029c40      0x154 build/gl2d_spriteset/source/main.c.o
                0x02029c40                ruins
 .bss.initialframe
                0x02029d94        0x4 build/gl2d_spriteset/source/main.c.o
                0x02029d94                initialframe
 .bss.frame     0x02029d98        0x4 build/gl2d_spriteset/source/main.c.o
                0x02029d98                frame
 .bss.delay     0x02029d9c        0x4 build/gl2d_spriteset/source/main.c.o
                0x02029d9c                delay
 .bss.libnds_stderr_write
                0x02029da0        0x4 C:/msys64/opt/wonderful/thirdparty/blocksds/core/libs/libnds/lib\libnds9.a(console.c.o)
                0x02029da0                libnds_stderr_write
 .bss.libnds_stdout_write
                0x02029da4        0x4 C:/msys64/opt/wonderful/thirdparty/blocksds/core/libs/libnds/lib\libnds9.a(console.c.o)
                0x02029da4                libnds_stdout_write
 .bss.currentCopy
                0x02029da8       0x5c C:/msys64/opt/wonderful/thirdparty/blocksds/core/libs/libnds/lib\libnds9.a(console.c.o)
                0x02029da8                currentCopy
 .bss.stderr_buf_len
                0x02029e04        0x2 C:/msys64/opt/wonderful/thirdparty/blocksds/core/libs/libnds/lib\libnds9.a(iob.c.o)
 .bss.stdout_buf_len
                0x02029e06        0x2 C:/msys64/opt/wonderful/thirdparty/blocksds/core/libs/libnds/lib\libnds9.a(iob.c.o)
 .bss.stderr_buf
                0x02029e08       0x11 C:/msys64/opt/wonderful/thirdparty/blocksds/core/libs/libnds/lib\libnds9.a(iob.c.o)
 *fill*         0x02029e19        0x3 
 .bss.stdout_buf
                0x02029e1c       0x11 C:/msys64/opt/wonderful/thirdparty/blocksds/core/libs/libnds/lib\libnds9.a(iob.c.o)
 *fill*         0x02029e2d        0x3 
 .bss.punixTime
                0x02029e30        0x4 C:/msys64/opt/wonderful/thirdparty/blocksds/core/libs/libnds/lib\libnds9.a(initSystem.c.o)
                0x02029e30                punixTime
 .bss.__debugger_unit
                0x02029e34        0x1 C:/msys64/opt/wonderful/thirdparty/blocksds/core/libs/libnds/lib\libnds9.a(initSystem.c.o)
                0x02029e34                __debugger_unit
 .bss.__dsimode
                0x02029e35        0x1 C:/msys64/opt/wonderful/thirdparty/blocksds/core/libs/libnds/lib\libnds9.a(initSystem.c.o)
                0x02029e35                __dsimode
 .bss.keysrepeat
                0x02029e36        0x2 C:/msys64/opt/wonderful/thirdparty/blocksds/core/libs/libnds/lib\libnds9.a(keys.c.o)
 .bss.keysold   0x02029e38        0x2 C:/msys64/opt/wonderful/thirdparty/blocksds/core/libs/libnds/lib\libnds9.a(keys.c.o)
 .bss.keys      0x02029e3a        0x2 C:/msys64/opt/wonderful/thirdparty/blocksds/core/libs/libnds/lib\libnds9.a(keys.c.o)
 .bss.latchedTouchPosition
                0x02029e3c        0xc C:/msys64/opt/wonderful/thirdparty/blocksds/core/libs/libnds/lib\libnds9.a(keys.c.o)
 .bss.receivedTouchPosition
                0x02029e48        0xc C:/msys64/opt/wonderful/thirdparty/blocksds/core/libs/libnds/lib\libnds9.a(keys.c.o)
 .bss.SDcallback
                0x02029e54        0x4 C:/msys64/opt/wonderful/thirdparty/blocksds/core/libs/libnds/lib\libnds9.a(system.c.o)
 .bss.bgIsTextLut
                0x02029e58        0x8 C:/msys64/opt/wonderful/thirdparty/blocksds/core/libs/libnds/lib\libnds9.a(background.c.o)
                0x02029e58                bgIsTextLut
 .bss.bgState   0x02029e60      0x140 C:/msys64/opt/wonderful/thirdparty/blocksds/core/libs/libnds/lib\libnds9.a(background.c.o)
                0x02029e60                bgState
 .bss.gCurrentTexture
                0x02029fa0        0x4 C:/msys64/opt/wonderful/thirdparty/blocksds/core/libs/libnds/lib\libnds9.a(gl2d.c.o)
                0x02029fa0                gCurrentTexture
 .bss.g_depth   0x02029fa4        0x2 C:/msys64/opt/wonderful/thirdparty/blocksds/core/libs/libnds/lib\libnds9.a(gl2d.c.o)
 *fill*         0x02029fa6        0x2 
 .bss.specular_emission.0
                0x02029fa8        0x4 C:/msys64/opt/wonderful/thirdparty/blocksds/core/libs/libnds/lib\libnds9.a(videoGL.c.o)
 .bss.diffuse_ambient.1
                0x02029fac        0x4 C:/msys64/opt/wonderful/thirdparty/blocksds/core/libs/libnds/lib\libnds9.a(videoGL.c.o)
 .bss.glGlobalData
                0x02029fb0       0x54 C:/msys64/opt/wonderful/thirdparty/blocksds/core/libs/libnds/lib\libnds9.a(videoGL.c.o)
                0x02029fb0                glGlobalData
 .bss.main_args
                0x0202a004        0x8 C:/msys64/opt/wonderful/thirdparty/blocksds/core/libs/libnds/lib\libnds9.a(threads.c.o)
 .bss.__tls     0x0202a00c        0x4 C:/msys64/opt/wonderful/thirdparty/blocksds/core/libs/libnds/lib\libnds9.a(threads.c.o)
                0x0202a00c                __tls
 .bss.cothread_list
                0x0202a010       0x1c C:/msys64/opt/wonderful/thirdparty/blocksds/core/libs/libnds/lib\libnds9.a(threads.c.o)
 .bss.cothread_active_thread
                0x0202a02c        0x4 C:/msys64/opt/wonderful/thirdparty/blocksds/core/libs/libnds/lib\libnds9.a(threads.c.o)
 .bss.free_fn   0x0202a030        0x4 C:/msys64/opt/wonderful/thirdparty/blocksds/core/libs/libnds/lib\libnds9.a(threads.c.o)
 .bss.processing
                0x0202a034        0x4 C:/msys64/opt/wonderful/thirdparty/blocksds/core/libs/libnds/lib\libnds9.a(fifosystem.c.o)
 .bss.fifo_datamsg_data
                0x0202a038       0x40 C:/msys64/opt/wonderful/thirdparty/blocksds/core/libs/libnds/lib\libnds9.a(fifosystem.c.o)
 .bss.fifo_value32_data
                0x0202a078       0x40 C:/msys64/opt/wonderful/thirdparty/blocksds/core/libs/libnds/lib\libnds9.a(fifosystem.c.o)
 .bss.fifo_address_data
                0x0202a0b8       0x40 C:/msys64/opt/wonderful/thirdparty/blocksds/core/libs/libnds/lib\libnds9.a(fifosystem.c.o)
 .bss.fifo_datamsg_func
                0x0202a0f8       0x40 C:/msys64/opt/wonderful/thirdparty/blocksds/core/libs/libnds/lib\libnds9.a(fifosystem.c.o)
 .bss.fifo_value32_func
                0x0202a138       0x40 C:/msys64/opt/wonderful/thirdparty/blocksds/core/libs/libnds/lib\libnds9.a(fifosystem.c.o)
 .bss.fifo_address_func
                0x0202a178       0x40 C:/msys64/opt/wonderful/thirdparty/blocksds/core/libs/libnds/lib\libnds9.a(fifosystem.c.o)
 .bss.fifo_value32_queue
                0x0202a1b8       0x40 C:/msys64/opt/wonderful/thirdparty/blocksds/core/libs/libnds/lib\libnds9.a(fifosystem.c.o)
 .bss.fifo_data_queue
                0x0202a1f8       0x40 C:/msys64/opt/wonderful/thirdparty/blocksds/core/libs/libnds/lib\libnds9.a(fifosystem.c.o)
 .bss.fifo_address_queue
                0x0202a238       0x40 C:/msys64/opt/wonderful/thirdparty/blocksds/core/libs/libnds/lib\libnds9.a(fifosystem.c.o)
 .bss.fifo_buffer
                0x0202a278      0x800 C:/msys64/opt/wonderful/thirdparty/blocksds/core/libs/libnds/lib\libnds9.a(fifosystem.c.o)
 .bss.__lock___libc_recursive_mutex
                0x0202aa78       0x10 C:/msys64/opt/wonderful/thirdparty/blocksds/core/libs/libnds/lib\libnds9.a(locks.c.o)
                0x0202aa78                __lock___libc_recursive_mutex
 .bss.heap_start.0
                0x0202aa88        0x4 C:/msys64/opt/wonderful/thirdparty/blocksds/core/libs/libnds/lib\libnds9.a(sbrk.c.o)
 .bss.fake_heap_start
                0x0202aa8c        0x4 C:/msys64/opt/wonderful/thirdparty/blocksds/core/libs/libnds/lib\libnds9.a(sbrk.c.o)
                0x0202aa8c                fake_heap_start
 .bss.fake_heap_end
                0x0202aa90        0x4 C:/msys64/opt/wonderful/thirdparty/blocksds/core/libs/libnds/lib\libnds9.a(sbrk.c.o)
                0x0202aa90                fake_heap_end
 .bss           0x0202aa94       0x34 C:/msys64/opt/wonderful/toolchain/gcc-arm-none-eabi/lib/gcc/arm-none-eabi/14.1.0/../../../../arm-none-eabi/lib/thumb/arm946e-s\libc.a(malloc-malloc.c.o)
                0x0202aa94                __malloc_top_pad
                0x0202aa98                __malloc_current_mallinfo
                0x0202aac0                __malloc_max_sbrked_mem
                0x0202aac4                __malloc_max_total_mem
 *(EXCLUDE_FILE(*.twl*) COMMON)
                0x0202aac8                        . = ALIGN (0x4)
                0x0202aac8                        __bss_end__ = ABSOLUTE (.)

.tls            0x0202aac8        0x4
                0x0202aac8                        __tls_start = ABSOLUTE (.)
                0x0202aacc                        . = ((. + __tdata_size) + __tbss_size)
 *fill*         0x0202aac8        0x4 
                0x0202aacc                        __tls_end = ABSOLUTE (.)
                0x0202aacc                        __end__ = ABSOLUTE (.)
                0x00000004                        __tls_size = (__tls_end - __tls_start)

.twl            0x0202aacc        0x0 load address 0x02400000
                0x02400000                        __arm9i_lma__ = LOADADDR (.twl)
                0x0202aacc                        __arm9i_start__ = ABSOLUTE (.)
 *(.twl)
 *(.twl.text .twl.text.*)
 *(.twl.rodata .twl.rodata.*)
 *(.twl.data .twl.data.*)
 *.twl*(.text .stub .text.* .gnu.linkonce.t.*)
 *.twl*(.rodata)
 *.twl*(.roda)
 *.twl*(.rodata.*)
 *.twl*(.data)
 *.twl*(.data.*)
 *.twl*(.gnu.linkonce.d*)
                0x0202aacc                        __arm9i_end__ = ABSOLUTE (.)

.twl_bss        0x0202aacc        0x0
                0x0202aacc                        __twl_bss_start__ = ABSOLUTE (.)
 *(.twl_bss .twl_bss.*)
 *(.twl.bss .twl.bss.*)
 *.twl*(.dynbss)
 *.twl*(.gnu.linkonce.b*)
 *.twl*(.bss*)
 *.twl*(COMMON)
                0x0202aacc                        . = ALIGN (0x4)
                0x0202aacc                        __twl_bss_end__ = ABSOLUTE (.)
                0x0202aacc                        __twl_end__ = ABSOLUTE (.)

.stab
 *(.stab)

.stabstr
 *(.stabstr)

.stab.excl
 *(.stab.excl)

.stab.exclstr
 *(.stab.exclstr)

.stab.index
 *(.stab.index)

.stab.indexstr
 *(.stab.indexstr)

.comment        0x00000000       0x22
 *(.comment)
 .comment       0x00000000       0x22 build/gl2d_spriteset/graphics/atlas_texture.png.o
                                 0x23 (size before relaxing)
 .comment       0x00000022       0x23 build/gl2d_spriteset/graphics/bg1_.png.o
 .comment       0x00000022       0x23 build/gl2d_spriteset/graphics/bg2_.png.o
 .comment       0x00000022       0x23 build/gl2d_spriteset/source/atlas.c.o
 .comment       0x00000022       0x23 build/gl2d_spriteset/source/main.c.o
 .comment       0x00000022       0x23 C:/msys64/opt/wonderful/thirdparty/blocksds/core/libs/libnds/lib\libnds9.a(console.c.o)
 .comment       0x00000022       0x23 C:/msys64/opt/wonderful/thirdparty/blocksds/core/libs/libnds/lib\libnds9.a(crt0_argv.c.o)
 .comment       0x00000022       0x23 C:/msys64/opt/wonderful/thirdparty/blocksds/core/libs/libnds/lib\libnds9.a(iob.c.o)
 .comment       0x00000022       0x23 C:/msys64/opt/wonderful/thirdparty/blocksds/core/libs/libnds/lib\libnds9.a(sassert.c.o)
 .comment       0x00000022       0x23 C:/msys64/opt/wonderful/thirdparty/blocksds/core/libs/libnds/lib\libnds9.a(initSystem.c.o)
 .comment       0x00000022       0x23 C:/msys64/opt/wonderful/thirdparty/blocksds/core/libs/libnds/lib\libnds9.a(keys.c.o)
 .comment       0x00000022       0x23 C:/msys64/opt/wonderful/thirdparty/blocksds/core/libs/libnds/lib\libnds9.a(securearea.c.o)
 .comment       0x00000022       0x23 C:/msys64/opt/wonderful/thirdparty/blocksds/core/libs/libnds/lib\libnds9.a(system.c.o)
 .comment       0x00000022       0x23 C:/msys64/opt/wonderful/thirdparty/blocksds/core/libs/libnds/lib\libnds9.a(background.c.o)
 .comment       0x00000022       0x23 C:/msys64/opt/wonderful/thirdparty/blocksds/core/libs/libnds/lib\libnds9.a(gl2d.c.o)
 .comment       0x00000022       0x23 C:/msys64/opt/wonderful/thirdparty/blocksds/core/libs/libnds/lib\libnds9.a(video.c.o)
 .comment       0x00000022       0x23 C:/msys64/opt/wonderful/thirdparty/blocksds/core/libs/libnds/lib\libnds9.a(videoGL.c.o)
 .comment       0x00000022       0x23 C:/msys64/opt/wonderful/thirdparty/blocksds/core/libs/libnds/lib\libnds9.a(threads.c.o)
 .comment       0x00000022       0x23 C:/msys64/opt/wonderful/thirdparty/blocksds/core/libs/libnds/lib\libnds9.a(fifosystem.c.o)
 .comment       0x00000022       0x23 C:/msys64/opt/wonderful/thirdparty/blocksds/core/libs/libnds/lib\libnds9.a(interrupts.c.o)
 .comment       0x00000022       0x23 C:/msys64/opt/wonderful/thirdparty/blocksds/core/libs/libnds/lib\libnds9.a(exit.c.o)
 .comment       0x00000022       0x23 C:/msys64/opt/wonderful/thirdparty/blocksds/core/libs/libnds/lib\libnds9.a(locks.c.o)
 .comment       0x00000022       0x23 C:/msys64/opt/wonderful/thirdparty/blocksds/core/libs/libnds/lib\libnds9.a(sbrk.c.o)
 .comment       0x00000022       0x23 C:/msys64/opt/wonderful/thirdparty/blocksds/core/libs/libnds/lib\libnds9.a(coroutine.c.o)
 .comment       0x00000022       0x23 C:/msys64/opt/wonderful/thirdparty/blocksds/core/libs/libnds/lib\libnds9.a(default_font.png.o)
 .comment       0x00000022       0x23 C:/msys64/opt/wonderful/thirdparty/blocksds/core/libs/libnds/lib\libnds9.a(dynamicArray.c.o)
 .comment       0x00000022       0x23 C:/msys64/opt/wonderful/thirdparty/blocksds/core/libs/libnds/lib\libnds9.a(cache.c.o)
 .comment       0x00000022       0x23 C:/msys64/opt/wonderful/thirdparty/blocksds/core/libs/libnds/lib\libnds9.a(trig.c.o)
 .comment       0x00000022       0x23 C:/msys64/opt/wonderful/toolchain/gcc-arm-none-eabi/lib/gcc/arm-none-eabi/14.1.0/../../../../arm-none-eabi/lib/thumb/arm946e-s\libc.a(malloc-calloc.c.o)
 .comment       0x00000022       0x23 C:/msys64/opt/wonderful/toolchain/gcc-arm-none-eabi/lib/gcc/arm-none-eabi/14.1.0/../../../../arm-none-eabi/lib/thumb/arm946e-s\libc.a(malloc-free.c.o)
 .comment       0x00000022       0x23 C:/msys64/opt/wonderful/toolchain/gcc-arm-none-eabi/lib/gcc/arm-none-eabi/14.1.0/../../../../arm-none-eabi/lib/thumb/arm946e-s\libc.a(malloc-malloc.c.o)
 .comment       0x00000022       0x23 C:/msys64/opt/wonderful/toolchain/gcc-arm-none-eabi/lib/gcc/arm-none-eabi/14.1.0/../../../../arm-none-eabi/lib/thumb/arm946e-s\libc.a(malloc-realloc.c.o)
 .comment       0x00000022       0x23 C:/msys64/opt/wonderful/toolchain/gcc-arm-none-eabi/lib/gcc/arm-none-eabi/14.1.0/../../../../arm-none-eabi/lib/thumb/arm946e-s\libc.a(libc_errno_errno.c.o)
 .comment       0x00000022       0x23 C:/msys64/opt/wonderful/toolchain/gcc-arm-none-eabi/lib/gcc/arm-none-eabi/14.1.0/../../../../arm-none-eabi/lib/thumb/arm946e-s\libc.a(libc_misc_init.c.o)
 .comment       0x00000022       0x23 C:/msys64/opt/wonderful/toolchain/gcc-arm-none-eabi/lib/gcc/arm-none-eabi/14.1.0/../../../../arm-none-eabi/lib/thumb/arm946e-s\libc.a(libc_stdlib_pico-exit.c.o)
 .comment       0x00000022       0x23 C:/msys64/opt/wonderful/toolchain/gcc-arm-none-eabi/lib/gcc/arm-none-eabi/14.1.0/../../../../arm-none-eabi/lib/thumb/arm946e-s\libc.a(libc_tinystdio_fflush.c.o)
 .comment       0x00000022       0x23 C:/msys64/opt/wonderful/toolchain/gcc-arm-none-eabi/lib/gcc/arm-none-eabi/14.1.0/../../../../arm-none-eabi/lib/thumb/arm946e-s\libc.a(libc_tinystdio_printf.c.o)
 .comment       0x00000022       0x23 C:/msys64/opt/wonderful/toolchain/gcc-arm-none-eabi/lib/gcc/arm-none-eabi/14.1.0/../../../../arm-none-eabi/lib/thumb/arm946e-s\libc.a(libc_tinystdio_putchar.c.o)
 .comment       0x00000022       0x23 C:/msys64/opt/wonderful/toolchain/gcc-arm-none-eabi/lib/gcc/arm-none-eabi/14.1.0/../../../../arm-none-eabi/lib/thumb/arm946e-s\libc.a(libc_tinystdio_puts.c.o)
 .comment       0x00000022       0x23 C:/msys64/opt/wonderful/toolchain/gcc-arm-none-eabi/lib/gcc/arm-none-eabi/14.1.0/../../../../arm-none-eabi/lib/thumb/arm946e-s\libc.a(libc_tinystdio_setvbuf.c.o)
 .comment       0x00000022       0x23 C:/msys64/opt/wonderful/toolchain/gcc-arm-none-eabi/lib/gcc/arm-none-eabi/14.1.0/../../../../arm-none-eabi/lib/thumb/arm946e-s\libc.a(libc_tinystdio_sscanf.c.o)
 .comment       0x00000022       0x23 C:/msys64/opt/wonderful/toolchain/gcc-arm-none-eabi/lib/gcc/arm-none-eabi/14.1.0/../../../../arm-none-eabi/lib/thumb/arm946e-s\libc.a(libc_tinystdio_vfprintf.c.o)
 .comment       0x00000022       0x23 C:/msys64/opt/wonderful/toolchain/gcc-arm-none-eabi/lib/gcc/arm-none-eabi/14.1.0/../../../../arm-none-eabi/lib/thumb/arm946e-s\libc.a(libc_tinystdio_vfscanf.c.o)
 .comment       0x00000022       0x23 C:/msys64/opt/wonderful/toolchain/gcc-arm-none-eabi/lib/gcc/arm-none-eabi/14.1.0/../../../../arm-none-eabi/lib/thumb/arm946e-s\libc.a(libc_tinystdio_vprintf.c.o)
 .comment       0x00000022       0x23 C:/msys64/opt/wonderful/toolchain/gcc-arm-none-eabi/lib/gcc/arm-none-eabi/14.1.0/../../../../arm-none-eabi/lib/thumb/arm946e-s\libc.a(libc_tinystdio_atod_ryu.c.o)
 .comment       0x00000022       0x23 C:/msys64/opt/wonderful/toolchain/gcc-arm-none-eabi/lib/gcc/arm-none-eabi/14.1.0/../../../../arm-none-eabi/lib/thumb/arm946e-s\libc.a(libc_tinystdio_atof_ryu.c.o)
 .comment       0x00000022       0x23 C:/msys64/opt/wonderful/toolchain/gcc-arm-none-eabi/lib/gcc/arm-none-eabi/14.1.0/../../../../arm-none-eabi/lib/thumb/arm946e-s\libc.a(libc_tinystdio_dtoa_ryu.c.o)
 .comment       0x00000022       0x23 C:/msys64/opt/wonderful/toolchain/gcc-arm-none-eabi/lib/gcc/arm-none-eabi/14.1.0/../../../../arm-none-eabi/lib/thumb/arm946e-s\libc.a(libc_tinystdio_ryu_divpow2.c.o)
 .comment       0x00000022       0x23 C:/msys64/opt/wonderful/toolchain/gcc-arm-none-eabi/lib/gcc/arm-none-eabi/14.1.0/../../../../arm-none-eabi/lib/thumb/arm946e-s\libc.a(libc_tinystdio_ryu_log10.c.o)
 .comment       0x00000022       0x23 C:/msys64/opt/wonderful/toolchain/gcc-arm-none-eabi/lib/gcc/arm-none-eabi/14.1.0/../../../../arm-none-eabi/lib/thumb/arm946e-s\libc.a(libc_tinystdio_ryu_log2pow5.c.o)
 .comment       0x00000022       0x23 C:/msys64/opt/wonderful/toolchain/gcc-arm-none-eabi/lib/gcc/arm-none-eabi/14.1.0/../../../../arm-none-eabi/lib/thumb/arm946e-s\libc.a(libc_tinystdio_ryu_pow5bits.c.o)
 .comment       0x00000022       0x23 C:/msys64/opt/wonderful/toolchain/gcc-arm-none-eabi/lib/gcc/arm-none-eabi/14.1.0/../../../../arm-none-eabi/lib/thumb/arm946e-s\libc.a(libc_tinystdio_ryu_table.c.o)
 .comment       0x00000022       0x23 C:/msys64/opt/wonderful/toolchain/gcc-arm-none-eabi/lib/gcc/arm-none-eabi/14.1.0/../../../../arm-none-eabi/lib/thumb/arm946e-s\libc.a(libc_tinystdio_ryu_umul128.c.o)
 .comment       0x00000022       0x23 C:/msys64/opt/wonderful/toolchain/gcc-arm-none-eabi/lib/gcc/arm-none-eabi/14.1.0/../../../../arm-none-eabi/lib/thumb/arm946e-s\libc.a(memmove.c.o)
 .comment       0x00000022       0x23 C:/msys64/opt/wonderful/toolchain/gcc-arm-none-eabi/lib/gcc/arm-none-eabi/14.1.0/../../../../arm-none-eabi/lib/thumb/arm946e-s\libc.a(libc_misc_fini.c.o)
 .comment       0x00000022       0x23 C:/msys64/opt/wonderful/toolchain/gcc-arm-none-eabi/lib/gcc/arm-none-eabi/14.1.0/../../../../arm-none-eabi/lib/thumb/arm946e-s\libc.a(libc_string_strchr.c.o)
 .comment       0x00000022       0x23 C:/msys64/opt/wonderful/toolchain/gcc-arm-none-eabi/lib/gcc/arm-none-eabi/14.1.0/../../../../arm-none-eabi/lib/thumb/arm946e-s\libc.a(libc_string_strnlen.c.o)
 .comment       0x00000022       0x23 C:/msys64/opt/wonderful/toolchain/gcc-arm-none-eabi/lib/gcc/arm-none-eabi/14.1.0/../../../../arm-none-eabi/lib/thumb/arm946e-s\libc.a(libc_tinystdio_dtox_engine.c.o)
 .comment       0x00000022       0x23 C:/msys64/opt/wonderful/toolchain/gcc-arm-none-eabi/lib/gcc/arm-none-eabi/14.1.0/../../../../arm-none-eabi/lib/thumb/arm946e-s\libc.a(libc_tinystdio_fgetc.c.o)
 .comment       0x00000022       0x23 C:/msys64/opt/wonderful/toolchain/gcc-arm-none-eabi/lib/gcc/arm-none-eabi/14.1.0/../../../../arm-none-eabi/lib/thumb/arm946e-s\libc.a(libc_tinystdio_filestrget.c.o)
 .comment       0x00000022       0x23 C:/msys64/opt/wonderful/toolchain/gcc-arm-none-eabi/lib/gcc/arm-none-eabi/14.1.0/../../../../arm-none-eabi/lib/thumb/arm946e-s\libc.a(libc_tinystdio_fputc.c.o)
 .comment       0x00000022       0x23 C:/msys64/opt/wonderful/toolchain/gcc-arm-none-eabi/lib/gcc/arm-none-eabi/14.1.0/../../../../arm-none-eabi/lib/thumb/arm946e-s\libc.a(libc_tinystdio_ungetc.c.o)
 .comment       0x00000022       0x23 C:/msys64/opt/wonderful/toolchain/gcc-arm-none-eabi/lib/gcc/arm-none-eabi/14.1.0/../../../../arm-none-eabi/lib/thumb/arm946e-s\libc.a(libc_tinystdio_compare_exchange.c.o)
 .comment       0x00000022       0x23 C:/msys64/opt/wonderful/toolchain/gcc-arm-none-eabi/lib/gcc/arm-none-eabi/14.1.0/../../../../arm-none-eabi/lib/thumb/arm946e-s\libc.a(libc_tinystdio_exchange.c.o)
 .comment       0x00000022       0x23 C:/msys64/opt/wonderful/toolchain/gcc-arm-none-eabi/lib/gcc/arm-none-eabi/14.1.0/thumb/arm946e-s\libgcc.a(_muldi3.o)
 .comment       0x00000022       0x23 C:/msys64/opt/wonderful/toolchain/gcc-arm-none-eabi/lib/gcc/arm-none-eabi/14.1.0/thumb/arm946e-s\libgcc.a(_udivmoddi4.o)
 .comment       0x00000022       0x23 C:/msys64/opt/wonderful/toolchain/gcc-arm-none-eabi/lib/gcc/arm-none-eabi/14.1.0/thumb/arm946e-s/crtend.o

.ARM.attributes
                0x00000000       0x31
 .ARM.attributes
                0x00000000       0x21 C:/msys64/opt/wonderful/thirdparty/blocksds/core/sys/crts/ds_arm9_crt0.o
 .ARM.attributes
                0x00000021       0x2b build/gl2d_spriteset/graphics/atlas_texture.png.o
 .ARM.attributes
                0x0000004c       0x2b build/gl2d_spriteset/graphics/bg1_.png.o
 .ARM.attributes
                0x00000077       0x2b build/gl2d_spriteset/graphics/bg2_.png.o
 .ARM.attributes
                0x000000a2       0x2b build/gl2d_spriteset/source/atlas.c.o
 .ARM.attributes
                0x000000cd       0x2b build/gl2d_spriteset/source/main.c.o
 .ARM.attributes
                0x000000f8       0x21 C:/msys64/opt/wonderful/thirdparty/blocksds/core/libs/libnds/lib\libnds9.a(IntrWait.s.o)
 .ARM.attributes
                0x00000119       0x21 C:/msys64/opt/wonderful/thirdparty/blocksds/core/libs/libnds/lib\libnds9.a(mpu_setup.s.o)
 .ARM.attributes
                0x0000013a       0x1b C:/msys64/opt/wonderful/thirdparty/blocksds/core/libs/libnds/lib\libnds9.a(dma.s.o)
 .ARM.attributes
                0x00000155       0x1b C:/msys64/opt/wonderful/thirdparty/blocksds/core/libs/libnds/lib\libnds9.a(memcpy.s.o)
 .ARM.attributes
                0x00000170       0x2b C:/msys64/opt/wonderful/thirdparty/blocksds/core/libs/libnds/lib\libnds9.a(console.c.o)
 .ARM.attributes
                0x0000019b       0x2b C:/msys64/opt/wonderful/thirdparty/blocksds/core/libs/libnds/lib\libnds9.a(crt0_argv.c.o)
 .ARM.attributes
                0x000001c6       0x2b C:/msys64/opt/wonderful/thirdparty/blocksds/core/libs/libnds/lib\libnds9.a(iob.c.o)
 .ARM.attributes
                0x000001f1       0x2b C:/msys64/opt/wonderful/thirdparty/blocksds/core/libs/libnds/lib\libnds9.a(sassert.c.o)
 .ARM.attributes
                0x0000021c       0x2b C:/msys64/opt/wonderful/thirdparty/blocksds/core/libs/libnds/lib\libnds9.a(initSystem.c.o)
 .ARM.attributes
                0x00000247       0x2b C:/msys64/opt/wonderful/thirdparty/blocksds/core/libs/libnds/lib\libnds9.a(keys.c.o)
 .ARM.attributes
                0x00000272       0x2b C:/msys64/opt/wonderful/thirdparty/blocksds/core/libs/libnds/lib\libnds9.a(securearea.c.o)
 .ARM.attributes
                0x0000029d       0x2b C:/msys64/opt/wonderful/thirdparty/blocksds/core/libs/libnds/lib\libnds9.a(system.c.o)
 .ARM.attributes
                0x000002c8       0x2b C:/msys64/opt/wonderful/thirdparty/blocksds/core/libs/libnds/lib\libnds9.a(background.c.o)
 .ARM.attributes
                0x000002f3       0x2b C:/msys64/opt/wonderful/thirdparty/blocksds/core/libs/libnds/lib\libnds9.a(gl2d.c.o)
 .ARM.attributes
                0x0000031e       0x2b C:/msys64/opt/wonderful/thirdparty/blocksds/core/libs/libnds/lib\libnds9.a(video.c.o)
 .ARM.attributes
                0x00000349       0x2b C:/msys64/opt/wonderful/thirdparty/blocksds/core/libs/libnds/lib\libnds9.a(videoGL.c.o)
 .ARM.attributes
                0x00000374       0x2b C:/msys64/opt/wonderful/thirdparty/blocksds/core/libs/libnds/lib\libnds9.a(threads.c.o)
 .ARM.attributes
                0x0000039f       0x2b C:/msys64/opt/wonderful/thirdparty/blocksds/core/libs/libnds/lib\libnds9.a(fifosystem.c.o)
 .ARM.attributes
                0x000003ca       0x2b C:/msys64/opt/wonderful/thirdparty/blocksds/core/libs/libnds/lib\libnds9.a(interrupts.c.o)
 .ARM.attributes
                0x000003f5       0x2b C:/msys64/opt/wonderful/thirdparty/blocksds/core/libs/libnds/lib\libnds9.a(exit.c.o)
 .ARM.attributes
                0x00000420       0x2b C:/msys64/opt/wonderful/thirdparty/blocksds/core/libs/libnds/lib\libnds9.a(locks.c.o)
 .ARM.attributes
                0x0000044b       0x2b C:/msys64/opt/wonderful/thirdparty/blocksds/core/libs/libnds/lib\libnds9.a(sbrk.c.o)
 .ARM.attributes
                0x00000476       0x2b C:/msys64/opt/wonderful/thirdparty/blocksds/core/libs/libnds/lib\libnds9.a(coroutine.c.o)
 .ARM.attributes
                0x000004a1       0x2b C:/msys64/opt/wonderful/thirdparty/blocksds/core/libs/libnds/lib\libnds9.a(default_font.png.o)
 .ARM.attributes
                0x000004cc       0x21 C:/msys64/opt/wonderful/thirdparty/blocksds/core/libs/libnds/lib\libnds9.a(cpu_clock.s.o)
 .ARM.attributes
                0x000004ed       0x1b C:/msys64/opt/wonderful/thirdparty/blocksds/core/libs/libnds/lib\libnds9.a(aeabi_read_tp.s.o)
 .ARM.attributes
                0x00000508       0x1b C:/msys64/opt/wonderful/thirdparty/blocksds/core/libs/libnds/lib\libnds9.a(interruptDispatcher.s.o)
 .ARM.attributes
                0x00000523       0x1b C:/msys64/opt/wonderful/thirdparty/blocksds/core/libs/libnds/lib\libnds9.a(coroutine.s.o)
 .ARM.attributes
                0x0000053e       0x1b C:/msys64/opt/wonderful/thirdparty/blocksds/core/libs/libnds/lib\libnds9.a(memset.s.o)
 .ARM.attributes
                0x00000559       0x2b C:/msys64/opt/wonderful/thirdparty/blocksds/core/libs/libnds/lib\libnds9.a(dynamicArray.c.o)
 .ARM.attributes
                0x00000584       0x2b C:/msys64/opt/wonderful/thirdparty/blocksds/core/libs/libnds/lib\libnds9.a(cache.c.o)
 .ARM.attributes
                0x000005af       0x2b C:/msys64/opt/wonderful/thirdparty/blocksds/core/libs/libnds/lib\libnds9.a(trig.c.o)
 .ARM.attributes
                0x000005da       0x2f C:/msys64/opt/wonderful/toolchain/gcc-arm-none-eabi/lib/gcc/arm-none-eabi/14.1.0/../../../../arm-none-eabi/lib/thumb/arm946e-s\libc.a(malloc-calloc.c.o)
 .ARM.attributes
                0x00000609       0x2f C:/msys64/opt/wonderful/toolchain/gcc-arm-none-eabi/lib/gcc/arm-none-eabi/14.1.0/../../../../arm-none-eabi/lib/thumb/arm946e-s\libc.a(malloc-free.c.o)
 .ARM.attributes
                0x00000638       0x2f C:/msys64/opt/wonderful/toolchain/gcc-arm-none-eabi/lib/gcc/arm-none-eabi/14.1.0/../../../../arm-none-eabi/lib/thumb/arm946e-s\libc.a(malloc-malloc.c.o)
 .ARM.attributes
                0x00000667       0x2f C:/msys64/opt/wonderful/toolchain/gcc-arm-none-eabi/lib/gcc/arm-none-eabi/14.1.0/../../../../arm-none-eabi/lib/thumb/arm946e-s\libc.a(malloc-realloc.c.o)
 .ARM.attributes
                0x00000696       0x2f C:/msys64/opt/wonderful/toolchain/gcc-arm-none-eabi/lib/gcc/arm-none-eabi/14.1.0/../../../../arm-none-eabi/lib/thumb/arm946e-s\libc.a(libc_errno_errno.c.o)
 .ARM.attributes
                0x000006c5       0x2f C:/msys64/opt/wonderful/toolchain/gcc-arm-none-eabi/lib/gcc/arm-none-eabi/14.1.0/../../../../arm-none-eabi/lib/thumb/arm946e-s\libc.a(libc_misc_init.c.o)
 .ARM.attributes
                0x000006f4       0x2f C:/msys64/opt/wonderful/toolchain/gcc-arm-none-eabi/lib/gcc/arm-none-eabi/14.1.0/../../../../arm-none-eabi/lib/thumb/arm946e-s\libc.a(libc_stdlib_pico-exit.c.o)
 .ARM.attributes
                0x00000723       0x2f C:/msys64/opt/wonderful/toolchain/gcc-arm-none-eabi/lib/gcc/arm-none-eabi/14.1.0/../../../../arm-none-eabi/lib/thumb/arm946e-s\libc.a(libc_tinystdio_fflush.c.o)
 .ARM.attributes
                0x00000752       0x2f C:/msys64/opt/wonderful/toolchain/gcc-arm-none-eabi/lib/gcc/arm-none-eabi/14.1.0/../../../../arm-none-eabi/lib/thumb/arm946e-s\libc.a(libc_tinystdio_printf.c.o)
 .ARM.attributes
                0x00000781       0x2f C:/msys64/opt/wonderful/toolchain/gcc-arm-none-eabi/lib/gcc/arm-none-eabi/14.1.0/../../../../arm-none-eabi/lib/thumb/arm946e-s\libc.a(libc_tinystdio_putchar.c.o)
 .ARM.attributes
                0x000007b0       0x2f C:/msys64/opt/wonderful/toolchain/gcc-arm-none-eabi/lib/gcc/arm-none-eabi/14.1.0/../../../../arm-none-eabi/lib/thumb/arm946e-s\libc.a(libc_tinystdio_puts.c.o)
 .ARM.attributes
                0x000007df       0x2f C:/msys64/opt/wonderful/toolchain/gcc-arm-none-eabi/lib/gcc/arm-none-eabi/14.1.0/../../../../arm-none-eabi/lib/thumb/arm946e-s\libc.a(libc_tinystdio_setvbuf.c.o)
 .ARM.attributes
                0x0000080e       0x2f C:/msys64/opt/wonderful/toolchain/gcc-arm-none-eabi/lib/gcc/arm-none-eabi/14.1.0/../../../../arm-none-eabi/lib/thumb/arm946e-s\libc.a(libc_tinystdio_sscanf.c.o)
 .ARM.attributes
                0x0000083d       0x2f C:/msys64/opt/wonderful/toolchain/gcc-arm-none-eabi/lib/gcc/arm-none-eabi/14.1.0/../../../../arm-none-eabi/lib/thumb/arm946e-s\libc.a(libc_tinystdio_vfprintf.c.o)
 .ARM.attributes
                0x0000086c       0x2f C:/msys64/opt/wonderful/toolchain/gcc-arm-none-eabi/lib/gcc/arm-none-eabi/14.1.0/../../../../arm-none-eabi/lib/thumb/arm946e-s\libc.a(libc_tinystdio_vfscanf.c.o)
 .ARM.attributes
                0x0000089b       0x2f C:/msys64/opt/wonderful/toolchain/gcc-arm-none-eabi/lib/gcc/arm-none-eabi/14.1.0/../../../../arm-none-eabi/lib/thumb/arm946e-s\libc.a(libc_tinystdio_vprintf.c.o)
 .ARM.attributes
                0x000008ca       0x2f C:/msys64/opt/wonderful/toolchain/gcc-arm-none-eabi/lib/gcc/arm-none-eabi/14.1.0/../../../../arm-none-eabi/lib/thumb/arm946e-s\libc.a(libc_tinystdio_atod_ryu.c.o)
 .ARM.attributes
                0x000008f9       0x2f C:/msys64/opt/wonderful/toolchain/gcc-arm-none-eabi/lib/gcc/arm-none-eabi/14.1.0/../../../../arm-none-eabi/lib/thumb/arm946e-s\libc.a(libc_tinystdio_atof_ryu.c.o)
 .ARM.attributes
                0x00000928       0x2f C:/msys64/opt/wonderful/toolchain/gcc-arm-none-eabi/lib/gcc/arm-none-eabi/14.1.0/../../../../arm-none-eabi/lib/thumb/arm946e-s\libc.a(libc_tinystdio_dtoa_ryu.c.o)
 .ARM.attributes
                0x00000957       0x2f C:/msys64/opt/wonderful/toolchain/gcc-arm-none-eabi/lib/gcc/arm-none-eabi/14.1.0/../../../../arm-none-eabi/lib/thumb/arm946e-s\libc.a(libc_tinystdio_ryu_divpow2.c.o)
 .ARM.attributes
                0x00000986       0x2f C:/msys64/opt/wonderful/toolchain/gcc-arm-none-eabi/lib/gcc/arm-none-eabi/14.1.0/../../../../arm-none-eabi/lib/thumb/arm946e-s\libc.a(libc_tinystdio_ryu_log10.c.o)
 .ARM.attributes
                0x000009b5       0x2f C:/msys64/opt/wonderful/toolchain/gcc-arm-none-eabi/lib/gcc/arm-none-eabi/14.1.0/../../../../arm-none-eabi/lib/thumb/arm946e-s\libc.a(libc_tinystdio_ryu_log2pow5.c.o)
 .ARM.attributes
                0x000009e4       0x2f C:/msys64/opt/wonderful/toolchain/gcc-arm-none-eabi/lib/gcc/arm-none-eabi/14.1.0/../../../../arm-none-eabi/lib/thumb/arm946e-s\libc.a(libc_tinystdio_ryu_pow5bits.c.o)
 .ARM.attributes
                0x00000a13       0x2f C:/msys64/opt/wonderful/toolchain/gcc-arm-none-eabi/lib/gcc/arm-none-eabi/14.1.0/../../../../arm-none-eabi/lib/thumb/arm946e-s\libc.a(libc_tinystdio_ryu_table.c.o)
 .ARM.attributes
                0x00000a42       0x2f C:/msys64/opt/wonderful/toolchain/gcc-arm-none-eabi/lib/gcc/arm-none-eabi/14.1.0/../../../../arm-none-eabi/lib/thumb/arm946e-s\libc.a(libc_tinystdio_ryu_umul128.c.o)
 .ARM.attributes
                0x00000a71       0x2f C:/msys64/opt/wonderful/toolchain/gcc-arm-none-eabi/lib/gcc/arm-none-eabi/14.1.0/../../../../arm-none-eabi/lib/thumb/arm946e-s\libc.a(memmove.c.o)
 .ARM.attributes
                0x00000aa0       0x2f C:/msys64/opt/wonderful/toolchain/gcc-arm-none-eabi/lib/gcc/arm-none-eabi/14.1.0/../../../../arm-none-eabi/lib/thumb/arm946e-s\libc.a(libc_misc_fini.c.o)
 .ARM.attributes
                0x00000acf       0x2f C:/msys64/opt/wonderful/toolchain/gcc-arm-none-eabi/lib/gcc/arm-none-eabi/14.1.0/../../../../arm-none-eabi/lib/thumb/arm946e-s\libc.a(libc_string_strchr.c.o)
 .ARM.attributes
                0x00000afe       0x2f C:/msys64/opt/wonderful/toolchain/gcc-arm-none-eabi/lib/gcc/arm-none-eabi/14.1.0/../../../../arm-none-eabi/lib/thumb/arm946e-s\libc.a(libc_string_strnlen.c.o)
 .ARM.attributes
                0x00000b2d       0x2f C:/msys64/opt/wonderful/toolchain/gcc-arm-none-eabi/lib/gcc/arm-none-eabi/14.1.0/../../../../arm-none-eabi/lib/thumb/arm946e-s\libc.a(libc_tinystdio_dtox_engine.c.o)
 .ARM.attributes
                0x00000b5c       0x2f C:/msys64/opt/wonderful/toolchain/gcc-arm-none-eabi/lib/gcc/arm-none-eabi/14.1.0/../../../../arm-none-eabi/lib/thumb/arm946e-s\libc.a(libc_tinystdio_fgetc.c.o)
 .ARM.attributes